TAP version 13
# Subtest: fresh guide has no fabricated acknowledgements
ok 1 - fresh guide has no fabricated acknowledgements
  ---
  duration_ms: 1.446212
  type: 'test'
  ...
# Subtest: old increment progress is not trusted
ok 2 - old increment progress is not trusted
  ---
  duration_ms: 0.388014
  type: 'test'
  ...
# Subtest: rejects client state injection {"chapter":"complete"}
ok 3 - rejects client state injection {"chapter":"complete"}
  ---
  duration_ms: 0.20978
  type: 'test'
  ...
# Subtest: rejects client state injection {"action":"chapter","chapter":"complete","acknowledgements":{}}
ok 4 - rejects client state injection {"action":"chapter","chapter":"complete","acknowledgements":{}}
  ---
  duration_ms: 0.244866
  type: 'test'
  ...
# Subtest: rejects client state injection {"action":"welcome","mode":"guided","guided_created_component_id":"22222222-2222-4222-8222-222222222222"}
ok 5 - rejects client state injection {"action":"welcome","mode":"guided","guided_created_component_id":"22222222-2222-4222-8222-222222222222"}
  ---
  duration_ms: 0.158792
  type: 'test'
  ...
# Subtest: rejects client state injection {"action":"event","event":"takeoff.saved"}
ok 6 - rejects client state injection {"action":"event","event":"takeoff.saved"}
  ---
  duration_ms: 0.076382
  type: 'test'
  ...
# Subtest: rejects client state injection {"action":"explore","usage":0}
ok 7 - rejects client state injection {"action":"explore","usage":0}
  ---
  duration_ms: 0.130156
  type: 'test'
  ...
# Subtest: welcome and exploration are legitimate commands
ok 8 - welcome and exploration are legitimate commands
  ---
  duration_ms: 0.797369
  type: 'test'
  ...
# Subtest: takeoff requires a real bound and tested component
ok 9 - takeoff requires a real bound and tested component
  ---
  duration_ms: 0.836488
  type: 'test'
  ...
# Subtest: customer chapter requires saved takeoff
ok 10 - customer chapter requires saved takeoff
  ---
  duration_ms: 0.536685
  type: 'test'
  ...
# Subtest: completion requires all server events
ok 11 - completion requires all server events
  ---
  duration_ms: 0.338259
  type: 'test'
  ...
# Subtest: record ids drive resume URLs, not configurable display names
ok 12 - record ids drive resume URLs, not configurable display names
  ---
  duration_ms: 0.315118
  type: 'test'
  ...
# Subtest: assistant means the real assistant route, not its settings page
ok 13 - assistant means the real assistant route, not its settings page
  ---
  duration_ms: 0.131012
  type: 'test'
  ...
# Subtest: expiry boundary is server-time exact
ok 14 - expiry boundary is server-time exact
  ---
  duration_ms: 0.349255
  type: 'test'
  ...
# Subtest: cookie namespace selects demo host and demo slug only
ok 15 - cookie namespace selects demo host and demo slug only
  ---
  duration_ms: 0.36693
  type: 'test'
  ...
# Subtest: API referrer must have same origin to select demo namespace
ok 16 - API referrer must have same origin to select demo namespace
  ---
  duration_ms: 0.309354
  type: 'test'
  ...
# Subtest: production signup leaves the demo host
ok 17 - production signup leaves the demo host
  ---
  duration_ms: 0.10346
  type: 'test'
  ...
# Subtest: valid scoped customer token verifies
ok 18 - valid scoped customer token verifies
  ---
  duration_ms: 1.108495
  type: 'test'
  ...
# Subtest: tampering, wrong key and expired token are rejected
ok 19 - tampering, wrong key and expired token are rejected
  ---
  duration_ms: 0.336919
  type: 'test'
  ...
# Subtest: wrong-purpose and malformed UUID token cannot open a quote
ok 20 - wrong-purpose and malformed UUID token cannot open a quote
  ---
  duration_ms: 0.294755
  type: 'test'
  ...
# Subtest: weak signing key and oversized input rejected
ok 21 - weak signing key and oversized input rejected
  ---
  duration_ms: 0.345308
  type: 'test'
  ...
# Subtest: concurrent CAS requests cannot overspend one counter
ok 22 - concurrent CAS requests cannot overspend one counter
  ---
  duration_ms: 3.536189
  type: 'test'
  ...
# Subtest: same persisted visitor budget is not replenished by workspace reset
ok 23 - same persisted visitor budget is not replenished by workspace reset
  ---
  duration_ms: 0.583875
  type: 'test'
  ...
# Subtest: window resets only after 24 hours
ok 24 - window resets only after 24 hours
  ---
  duration_ms: 0.127109
  type: 'test'
  ...
# Subtest: corrupt counters and invalid debit amounts fail closed
ok 25 - corrupt counters and invalid debit amounts fail closed
  ---
  duration_ms: 0.18547
  type: 'test'
  ...
# Subtest: counter store failure never becomes an allowance
ok 26 - counter store failure never becomes an allowance
  ---
  duration_ms: 0.241465
  type: 'test'
  ...
# Subtest: remaining allowance considers reservations
ok 27 - remaining allowance considers reservations
  ---
  duration_ms: 0.269932
  type: 'test'
  ...
# Subtest: prepared scan is deterministic and explicitly disclosed
ok 28 - prepared scan is deterministic and explicitly disclosed
  ---
  duration_ms: 0.726958
  type: 'test'
  ...
# Subtest: final stage keeps visitor-edited coordinates and deleted detections
ok 29 - final stage keeps visitor-edited coordinates and deleted detections
  ---
  duration_ms: 0.399632
  type: 'test'
  ...
# Subtest: prepared scan respects canvas dimensions without changing engine coordinates
ok 30 - prepared scan respects canvas dimensions without changing engine coordinates
  ---
  duration_ms: 0.145782
  type: 'test'
  ...
# Subtest: invalid or out-of-bounds scan geometry is rejected
ok 31 - invalid or out-of-bounds scan geometry is rejected
  ---
  duration_ms: 0.345301
  type: 'test'
  ...
# Subtest: existing real pricing engine prices the example component
ok 32 - existing real pricing engine prices the example component
  ---
  duration_ms: 0.373542
  type: 'test'
  ...
# Subtest: existing tax engine retains customer quote totals
ok 33 - existing tax engine retains customer quote totals
  ---
  duration_ms: 0.249079
  type: 'test'
  ...
# Subtest: malformed persisted guide is normalized without granting unknown events
ok 34 - malformed persisted guide is normalized without granting unknown events
  ---
  duration_ms: 0.370534
  type: 'test'
  ...
1..34
# tests 34
# suites 0
# pass 34
# fail 0
# cancelled 0
# skipped 0
# todo 0
# duration_ms 559.351213
