
> node scripts/check-server-deps.mjs
check-server-deps: OK (all server imports resolve from production dependencies)

> node scripts/demo/check-source.cjs
{"checkedFiles":47,"failures":0,"scope":"TypeScript syntax and local import resolution only; not a Next build/full typecheck"}

> node --test scripts/demo/demo-domain.test.cjs
TAP version 13
# Subtest: fresh guide has no fabricated acknowledgements
ok 1 - fresh guide has no fabricated acknowledgements
  ---
  duration_ms: 1.337968
  type: 'test'
  ...
# Subtest: old increment progress is not trusted
ok 2 - old increment progress is not trusted
  ---
  duration_ms: 1.158056
  type: 'test'
  ...
# Subtest: rejects client state injection {"chapter":"complete"}
ok 3 - rejects client state injection {"chapter":"complete"}
  ---
  duration_ms: 0.326056
  type: 'test'
  ...
# Subtest: rejects client state injection {"action":"chapter","chapter":"complete","acknowledgements":{}}
ok 4 - rejects client state injection {"action":"chapter","chapter":"complete","acknowledgements":{}}
  ---
  duration_ms: 0.111536
  type: 'test'
  ...
# Subtest: rejects client state injection {"action":"welcome","mode":"guided","guided_created_component_id":"22222222-2222-4222-8222-222222222222"}
ok 5 - rejects client state injection {"action":"welcome","mode":"guided","guided_created_component_id":"22222222-2222-4222-8222-222222222222"}
  ---
  duration_ms: 0.148154
  type: 'test'
  ...
# Subtest: rejects client state injection {"action":"event","event":"takeoff.saved"}
ok 6 - rejects client state injection {"action":"event","event":"takeoff.saved"}
  ---
  duration_ms: 0.075134
  type: 'test'
  ...
# Subtest: rejects client state injection {"action":"explore","usage":0}
ok 7 - rejects client state injection {"action":"explore","usage":0}
  ---
  duration_ms: 0.203403
  type: 'test'
  ...
# Subtest: welcome and exploration are legitimate commands
ok 8 - welcome and exploration are legitimate commands
  ---
  duration_ms: 0.692518
  type: 'test'
  ...
# Subtest: takeoff requires a real bound and tested component
ok 9 - takeoff requires a real bound and tested component
  ---
  duration_ms: 0.950254
  type: 'test'
  ...
# Subtest: customer chapter requires saved takeoff
ok 10 - customer chapter requires saved takeoff
  ---
  duration_ms: 0.540479
  type: 'test'
  ...
# Subtest: completion requires all server events
ok 11 - completion requires all server events
  ---
  duration_ms: 0.288142
  type: 'test'
  ...
# Subtest: record ids drive resume URLs, not configurable display names
ok 12 - record ids drive resume URLs, not configurable display names
  ---
  duration_ms: 0.273964
  type: 'test'
  ...
# Subtest: assistant means the real assistant route, not its settings page
ok 13 - assistant means the real assistant route, not its settings page
  ---
  duration_ms: 0.100969
  type: 'test'
  ...
# Subtest: expiry boundary is server-time exact
ok 14 - expiry boundary is server-time exact
  ---
  duration_ms: 0.125762
  type: 'test'
  ...
# Subtest: cookie namespace selects demo host and demo slug only
ok 15 - cookie namespace selects demo host and demo slug only
  ---
  duration_ms: 0.320572
  type: 'test'
  ...
# Subtest: API referrer must have same origin to select demo namespace
ok 16 - API referrer must have same origin to select demo namespace
  ---
  duration_ms: 0.223306
  type: 'test'
  ...
# Subtest: production signup leaves the demo host
ok 17 - production signup leaves the demo host
  ---
  duration_ms: 0.123159
  type: 'test'
  ...
# Subtest: valid scoped customer token verifies
ok 18 - valid scoped customer token verifies
  ---
  duration_ms: 0.948689
  type: 'test'
  ...
# Subtest: tampering, wrong key and expired token are rejected
ok 19 - tampering, wrong key and expired token are rejected
  ---
  duration_ms: 0.871171
  type: 'test'
  ...
# Subtest: wrong-purpose and malformed UUID token cannot open a quote
ok 20 - wrong-purpose and malformed UUID token cannot open a quote
  ---
  duration_ms: 0.331
  type: 'test'
  ...
# Subtest: weak signing key and oversized input rejected
ok 21 - weak signing key and oversized input rejected
  ---
  duration_ms: 0.364655
  type: 'test'
  ...
# Subtest: concurrent CAS requests cannot overspend one counter
ok 22 - concurrent CAS requests cannot overspend one counter
  ---
  duration_ms: 4.521237
  type: 'test'
  ...
# Subtest: same persisted visitor budget is not replenished by workspace reset
ok 23 - same persisted visitor budget is not replenished by workspace reset
  ---
  duration_ms: 0.379836
  type: 'test'
  ...
# Subtest: window resets only after 24 hours
ok 24 - window resets only after 24 hours
  ---
  duration_ms: 0.128683
  type: 'test'
  ...
# Subtest: corrupt counters and invalid debit amounts fail closed
ok 25 - corrupt counters and invalid debit amounts fail closed
  ---
  duration_ms: 0.444484
  type: 'test'
  ...
# Subtest: counter store failure never becomes an allowance
ok 26 - counter store failure never becomes an allowance
  ---
  duration_ms: 0.633032
  type: 'test'
  ...
# Subtest: remaining allowance considers reservations
ok 27 - remaining allowance considers reservations
  ---
  duration_ms: 0.141358
  type: 'test'
  ...
# Subtest: prepared scan is deterministic and explicitly disclosed
ok 28 - prepared scan is deterministic and explicitly disclosed
  ---
  duration_ms: 0.56064
  type: 'test'
  ...
# Subtest: final stage keeps visitor-edited coordinates and deleted detections
ok 29 - final stage keeps visitor-edited coordinates and deleted detections
  ---
  duration_ms: 0.475162
  type: 'test'
  ...
# Subtest: prepared scan respects canvas dimensions without changing engine coordinates
ok 30 - prepared scan respects canvas dimensions without changing engine coordinates
  ---
  duration_ms: 0.11498
  type: 'test'
  ...
# Subtest: invalid or out-of-bounds scan geometry is rejected
ok 31 - invalid or out-of-bounds scan geometry is rejected
  ---
  duration_ms: 0.452272
  type: 'test'
  ...
# Subtest: existing real pricing engine prices the example component
ok 32 - existing real pricing engine prices the example component
  ---
  duration_ms: 0.208152
  type: 'test'
  ...
# Subtest: existing tax engine retains customer quote totals
ok 33 - existing tax engine retains customer quote totals
  ---
  duration_ms: 0.167263
  type: 'test'
  ...
# Subtest: malformed persisted guide is normalized without granting unknown events
ok 34 - malformed persisted guide is normalized without granting unknown events
  ---
  duration_ms: 0.13504
  type: 'test'
  ...
1..34
# tests 34
# suites 0
# pass 34
# fail 0
# cancelled 0
# skipped 0
# todo 0
# duration_ms 521.722656

> node scripts/demo/check-seed-types.cjs
{"passed":true,"scope":"Seed orchestration/real pricing, mocked DB/storage/sharp; NOT a live database test","writes":43,"rows":81,"libraries":3,"components":20,"jobs":8}
{"passed":true,"strictDomainModules":9,"typedSeedBatches":43,"scope":"Actual generated Insert types plus pure domain modules; not a full application typecheck"}

> node --require /mnt/data/qc_demo_build/scripts/demo/ts-hook.cjs --test app/lib/takeoff/precision/keyboardlessTouch.test.ts app/lib/takeoff/precision/pointNavigation.test.ts app/lib/takeoff/precision/precisionEditor.test.ts app/lib/takeoff/precision/precisionGeometry.test.ts app/lib/takeoff/precision/precisionGestureMachine.test.ts app/lib/takeoff/precision/precisionWorkedExamples.test.ts app/lib/takeoff/precision/sceneViewport.test.ts app/lib/takeoff/precision/touchAiOutline.test.ts app/lib/takeoff/precision/touchOutlines.test.ts app/lib/takeoff/precision/viewMode.test.ts app/lib/takeoff/calibrationCodec.test.ts app/lib/takeoff/calibrationCoordinates.test.ts app/lib/takeoff/topologyCompletion.test.ts
TAP version 13
# Subtest: v1 round trip preserves accepted references
ok 1 - v1 round trip preserves accepted references
  ---
  duration_ms: 4.424888
  type: 'test'
  ...
# Subtest: v1 decode ignores tampered scale caches and recomputes
ok 2 - v1 decode ignores tampered scale caches and recomputes
  ---
  duration_ms: 0.635847
  type: 'test'
  ...
# Subtest: v1 decode quarantines corrupt references with diagnostics
ok 3 - v1 decode quarantines corrupt references with diagnostics
  ---
  duration_ms: 0.553251
  type: 'test'
  ...
# Subtest: v1 decode with all references corrupt is invalid, never silent
ok 4 - v1 decode with all references corrupt is invalid, never silent
  ---
  duration_ms: 0.359189
  type: 'test'
  ...
# Subtest: v1 envelope with >3 references reports, does not drop
ok 5 - v1 envelope with >3 references reports, does not drop
  ---
  duration_ms: 0.789508
  type: 'test'
  ...
# Subtest: legacy array decodes to accepted drafts with recomputed pixel distance
ok 6 - legacy array decodes to accepted drafts with recomputed pixel distance
  ---
  duration_ms: 0.463207
  type: 'test'
  ...
# Subtest: legacy corrupt entries are quarantined and reported
ok 7 - legacy corrupt entries are quarantined and reported
  ---
  duration_ms: 0.449877
  type: 'test'
  ...
# Subtest: legacy stale pixelDistance cache is diagnosed and recomputed
ok 8 - legacy stale pixelDistance cache is diagnosed and recomputed
  ---
  duration_ms: 0.285359
  type: 'test'
  ...
# Subtest: legacy all-corrupt array is invalid
ok 9 - legacy all-corrupt array is invalid
  ---
  duration_ms: 0.564912
  type: 'test'
  ...
# Subtest: unknown payload shapes are invalid with diagnostics
ok 10 - unknown payload shapes are invalid with diagnostics
  ---
  duration_ms: 0.740951
  type: 'test'
  ...
# Subtest: encode throws on empty accepted set
ok 11 - encode throws on empty accepted set
  ---
  duration_ms: 0.849414
  type: 'test'
  ...
# Subtest: mixed-unit v1 envelope decodes via shared unit-normalised mean
ok 12 - mixed-unit v1 envelope decodes via shared unit-normalised mean
  ---
  duration_ms: 0.400476
  type: 'test'
  ...
# Subtest: source <-> scene round trip with fractional coords, landscape
ok 13 - source <-> scene round trip with fractional coords, landscape
  ---
  duration_ms: 2.191134
  type: 'test'
  ...
# Subtest: portrait image keeps aspect with uniform scale
ok 14 - portrait image keeps aspect with uniform scale
  ---
  duration_ms: 0.438083
  type: 'test'
  ...
# Subtest: square-ish non-integer scene dims are not rounded or stretched
ok 15 - square-ish non-integer scene dims are not rounded or stretched
  ---
  duration_ms: 0.228128
  type: 'test'
  ...
# Subtest: source <-> analysis round trip: crop offsets and non-integer resize ratio
ok 16 - source <-> analysis round trip: crop offsets and non-integer resize ratio
  ---
  duration_ms: 4.642494
  type: 'test'
  ...
# Subtest: full-image analysis crop degenerates to identity
ok 17 - full-image analysis crop degenerates to identity
  ---
  duration_ms: 0.806124
  type: 'test'
  ...
# Subtest: compose/invert agree with direct application
ok 18 - compose/invert agree with direct application
  ---
  duration_ms: 0.392869
  type: 'test'
  ...
# Subtest: singular, NaN and zero-size transforms are rejected
ok 19 - singular, NaN and zero-size transforms are rejected
  ---
  duration_ms: 1.02028
  type: 'test'
  ...
# Subtest: out-of-raster points are rejected, not clamped
ok 20 - out-of-raster points are rejected, not clamped
  ---
  duration_ms: 0.477034
  type: 'test'
  ...
# Subtest: reversed endpoint order yields identical scene mapping
ok 21 - reversed endpoint order yields identical scene mapping
  ---
  duration_ms: 0.568821
  type: 'test'
  ...
# Subtest: viewport independence: scene result is a pure function of source geometry
ok 22 - viewport independence: scene result is a pure function of source geometry
  ---
  duration_ms: 1.79087
  type: 'test'
  ...
# Subtest: mobile defaults need neither text entry nor AI metadata
ok 23 - mobile defaults need neither text entry nor AI metadata
  ---
  duration_ms: 1.069744
  type: 'test'
  ...
# Subtest: keypad preserves fractional strings until confirmation
ok 24 - keypad preserves fractional strings until confirmation
  ---
  duration_ms: 0.4042
  type: 'test'
  ...
# Subtest: backspace, clear and digit limit are deterministic
ok 25 - backspace, clear and digit limit are deterministic
  ---
  duration_ms: 0.13487
  type: 'test'
  ...
# Subtest: reject non-keypad number ""
ok 26 - reject non-keypad number ""
  ---
  duration_ms: 3.950744
  type: 'test'
  ...
# Subtest: reject non-keypad number "."
ok 27 - reject non-keypad number "."
  ---
  duration_ms: 0.208707
  type: 'test'
  ...
# Subtest: reject non-keypad number "-1"
ok 28 - reject non-keypad number "-1"
  ---
  duration_ms: 0.077407
  type: 'test'
  ...
# Subtest: reject non-keypad number "+1"
ok 29 - reject non-keypad number "+1"
  ---
  duration_ms: 0.121819
  type: 'test'
  ...
# Subtest: reject non-keypad number "1e3"
ok 30 - reject non-keypad number "1e3"
  ---
  duration_ms: 0.121121
  type: 'test'
  ...
# Subtest: reject non-keypad number "NaN"
ok 31 - reject non-keypad number "NaN"
  ---
  duration_ms: 0.247749
  type: 'test'
  ...
# Subtest: reject non-keypad number "Infinity"
ok 32 - reject non-keypad number "Infinity"
  ---
  duration_ms: 0.30615
  type: 'test'
  ...
# Subtest: reject non-keypad number "1,25"
ok 33 - reject non-keypad number "1,25"
  ---
  duration_ms: 0.183253
  type: 'test'
  ...
# Subtest: reject non-keypad number "4m"
ok 34 - reject non-keypad number "4m"
  ---
  duration_ms: 0.068163
  type: 'test'
  ...
# Subtest: reject non-keypad number " 4"
ok 35 - reject non-keypad number " 4"
  ---
  duration_ms: 0.050124
  type: 'test'
  ...
# Subtest: reject non-keypad number "4.5.6"
ok 36 - reject non-keypad number "4.5.6"
  ---
  duration_ms: 0.041125
  type: 'test'
  ...
# Subtest: distance 0 cannot establish a scale
ok 37 - distance 0 cannot establish a scale
  ---
  duration_ms: 0.075288
  type: 'test'
  ...
# Subtest: distance 0.0 cannot establish a scale
ok 38 - distance 0.0 cannot establish a scale
  ---
  duration_ms: 0.050953
  type: 'test'
  ...
# Subtest: distance 00 cannot establish a scale
ok 39 - distance 00 cannot establish a scale
  ---
  duration_ms: 0.194369
  type: 'test'
  ...
# Subtest: valid exact pitch 0
ok 40 - valid exact pitch 0
  ---
  duration_ms: 0.679851
  type: 'test'
  ...
# Subtest: valid exact pitch 25
ok 41 - valid exact pitch 25
  ---
  duration_ms: 0.07278
  type: 'test'
  ...
# Subtest: valid exact pitch 25.5
ok 42 - valid exact pitch 25.5
  ---
  duration_ms: 0.062616
  type: 'test'
  ...
# Subtest: valid exact pitch 89.9
ok 43 - valid exact pitch 89.9
  ---
  duration_ms: 0.047586
  type: 'test'
  ...
# Subtest: reject pitch 90
ok 44 - reject pitch 90
  ---
  duration_ms: 0.073715
  type: 'test'
  ...
# Subtest: reject pitch 90.1
ok 45 - reject pitch 90.1
  ---
  duration_ms: 0.145147
  type: 'test'
  ...
# Subtest: reject pitch 999
ok 46 - reject pitch 999
  ---
  duration_ms: 0.042222
  type: 'test'
  ...
# Subtest: one-degree arrows preserve typed fractions and legal bounds
ok 47 - one-degree arrows preserve typed fractions and legal bounds
  ---
  duration_ms: 0.107514
  type: 'test'
  ...
# Subtest: find is view-only, never tap-to-place or remote-point-drag
ok 48 - find is view-only, never tap-to-place or remote-point-drag
  ---
  duration_ms: 0.121906
  type: 'test'
  ...
# Subtest: distance is view-only, never tap-to-place or remote-point-drag
ok 49 - distance is view-only, never tap-to-place or remote-point-drag
  ---
  duration_ms: 0.043831
  type: 'test'
  ...
# Subtest: references is view-only, never tap-to-place or remote-point-drag
ok 50 - references is view-only, never tap-to-place or remote-point-drag
  ---
  duration_ms: 0.050242
  type: 'test'
  ...
# Subtest: ai is view-only, never tap-to-place or remote-point-drag
ok 51 - ai is view-only, never tap-to-place or remote-point-drag
  ---
  duration_ms: 0.039279
  type: 'test'
  ...
# Subtest: A and B cannot be accidentally added before their explicit step
ok 52 - A and B cannot be accidentally added before their explicit step
  ---
  duration_ms: 0.123397
  type: 'test'
  ...
# Subtest: off-plan or non-finite taps are rejected
ok 53 - off-plan or non-finite taps are rejected
  ---
  duration_ms: 0.197106
  type: 'test'
  ...
# Subtest: initial fit contains whole plan in 636x390
ok 54 - initial fit contains whole plan in 636x390
  ---
  duration_ms: 0.47029
  type: 'test'
  ...
# Subtest: initial fit contains whole plan in 572x390
ok 55 - initial fit contains whole plan in 572x390
  ---
  duration_ms: 0.076122
  type: 'test'
  ...
# Subtest: initial fit contains whole plan in 296x320
ok 56 - initial fit contains whole plan in 296x320
  ---
  duration_ms: 0.05109
  type: 'test'
  ...
# Subtest: opening keypad refits an untouched fit but never rewrites geometry
ok 57 - opening keypad refits an untouched fit but never rewrites geometry
  ---
  duration_ms: 0.146714
  type: 'test'
  ...
# Subtest: keypad resize preserves user camera centre and zoom after exploration
ok 58 - keypad resize preserves user camera centre and zoom after exploration
  ---
  duration_ms: 0.10168
  type: 'test'
  ...
# Subtest: double save shares the same real acknowledgement
ok 59 - double save shares the same real acknowledgement
  ---
  duration_ms: 0.198135
  type: 'test'
  ...
# Subtest: settled failure releases save latch without inventing success
ok 60 - settled failure releases save latch without inventing success
  ---
  duration_ms: 0.515027
  type: 'test'
  ...
# Subtest: closed outline wraps: previous of first is last, next of last is first
ok 61 - closed outline wraps: previous of first is last, next of last is first
  ---
  duration_ms: 2.077524
  type: 'test'
  ...
# Subtest: open path does NOT wrap: missing neighbour is null at the ends
ok 62 - open path does NOT wrap: missing neighbour is null at the ends
  ---
  duration_ms: 0.40175
  type: 'test'
  ...
# Subtest: no selection: either arrow selects the FIRST vertex (deterministic)
ok 63 - no selection: either arrow selects the FIRST vertex (deterministic)
  ---
  duration_ms: 0.188434
  type: 'test'
  ...
# Subtest: stored order traversal is never positional (contract: index math only)
ok 64 - stored order traversal is never positional (contract: index math only)
  ---
  duration_ms: 0.331163
  type: 'test'
  ...
# Subtest: insert-after is enabled for every closed vertex (last uses first as successor)
ok 65 - insert-after is enabled for every closed vertex (last uses first as successor)
  ---
  duration_ms: 0.20717
  type: 'test'
  ...
# Subtest: insert-after on an open path requires a real successor — last vertex disabled
ok 66 - insert-after on an open path requires a real successor — last vertex disabled
  ---
  duration_ms: 0.171958
  type: 'test'
  ...
# Subtest: closed outline keeps a 3-point minimum for deletion; open path may shrink to zero
ok 67 - closed outline keeps a 3-point minimum for deletion; open path may shrink to zero
  ---
  duration_ms: 0.17395
  type: 'test'
  ...
# Subtest: nudge at zoom 2: 1 CSS px step = 0.5 scene px; 5 px step = 2.5 scene px
ok 68 - nudge at zoom 2: 1 CSS px step = 0.5 scene px; 5 px step = 2.5 scene px
  ---
  duration_ms: 1.337452
  type: 'test'
  ...
# Subtest: nudge zooms FINER with magnification and never applies camera translation (§5.2 linear-only)
ok 69 - nudge zooms FINER with magnification and never applies camera translation (§5.2 linear-only)
  ---
  duration_ms: 0.575852
  type: 'test'
  ...
# Subtest: minimalRevealTranslation pans just enough; already-visible point needs none; zoom untouched
ok 70 - minimalRevealTranslation pans just enough; already-visible point needs none; zoom untouched
  ---
  duration_ms: 0.805972
  type: 'test'
  ...
# Subtest: indexOfVertexId maps null/unknown to -1
ok 71 - indexOfVertexId maps null/unknown to -1
  ---
  duration_ms: 0.403496
  type: 'test'
  ...
# Subtest: rapid previous/next chains with current index resolve a full loop without skipping
ok 72 - rapid previous/next chains with current index resolve a full loop without skipping
  ---
  duration_ms: 0.194548
  type: 'test'
  ...
# Subtest: beginEdit copies saved primitives and retains an immutable base
ok 73 - beginEdit copies saved primitives and retains an immutable base
  ---
  duration_ms: 2.287823
  type: 'test'
  ...
# Subtest: selectVertex changes selection only; unknown id rejected
ok 74 - selectVertex changes selection only; unknown id rejected
  ---
  duration_ms: 0.299151
  type: 'test'
  ...
# Subtest: previewMove is transient: no draft write, no history, cancel restores
ok 75 - previewMove is transient: no draft write, no history, cancel restores
  ---
  duration_ms: 0.467454
  type: 'test'
  ...
# Subtest: commitMove: one vertex moves, all others unchanged, disarms, one history op
ok 76 - commitMove: one vertex moves, all others unchanged, disarms, one history op
  ---
  duration_ms: 0.360757
  type: 'test'
  ...
# Subtest: commitMove of unknown vertex rejected without change
ok 77 - commitMove of unknown vertex rejected without change
  ---
  duration_ms: 0.311815
  type: 'test'
  ...
# Subtest: insertAfter: midpoint, new id, after index, selected+armed, area preserved
ok 78 - insertAfter: midpoint, new id, after index, selected+armed, area preserved
  ---
  duration_ms: 0.349944
  type: 'test'
  ...
# Subtest: insertAfter on last vertex of an OPEN path is rejected
ok 79 - insertAfter on last vertex of an OPEN path is rejected
  ---
  duration_ms: 0.124624
  type: 'test'
  ...
# Subtest: insertAfter works mid-path on an open path
ok 80 - insertAfter works mid-path on an open path
  ---
  duration_ms: 0.174977
  type: 'test'
  ...
# Subtest: collinear midpoint survives: insert then undo restores it as the pre-move state
ok 81 - collinear midpoint survives: insert then undo restores it as the pre-move state
  ---
  duration_ms: 0.734498
  type: 'test'
  ...
# Subtest: deleteVertex reconnects neighbours, selects successor, disarmed
ok 82 - deleteVertex reconnects neighbours, selects successor, disarmed
  ---
  duration_ms: 0.579841
  type: 'test'
  ...
# Subtest: deleteVertex on a 3-vertex closed outline is rejected
ok 83 - deleteVertex on a 3-vertex closed outline is rejected
  ---
  duration_ms: 0.180604
  type: 'test'
  ...
# Subtest: delete on open path may reduce to zero points (returns to placement state)
ok 84 - delete on open path may reduce to zero points (returns to placement state)
  ---
  duration_ms: 0.110654
  type: 'test'
  ...
# Subtest: crossing draft from an edit stays editable with save blocked; undo available
ok 85 - crossing draft from an edit stays editable with save blocked; undo available
  ---
  duration_ms: 0.777653
  type: 'test'
  ...
# Subtest: appendVertex: open only, creates+selects+arms, undoable
ok 86 - appendVertex: open only, creates+selects+arms, undoable
  ---
  duration_ms: 0.190707
  type: 'test'
  ...
# Subtest: closeOutline needs >=3 distinct vertices and never duplicates the first point
ok 87 - closeOutline needs >=3 distinct vertices and never duplicates the first point
  ---
  duration_ms: 0.215228
  type: 'test'
  ...
# Subtest: undo restores exact primitives and metadata; redo replays; redo clears on new edit
ok 88 - undo restores exact primitives and metadata; redo replays; redo clears on new edit
  ---
  duration_ms: 0.173614
  type: 'test'
  ...
# Subtest: vertex ids are stable through moves, undo and redo
ok 89 - vertex ids are stable through moves, undo and redo
  ---
  duration_ms: 0.225594
  type: 'test'
  ...
# Subtest: selection and cancelled gestures never enter history
ok 90 - selection and cancelled gestures never enter history
  ---
  duration_ms: 0.095957
  type: 'test'
  ...
# Subtest: history is bounded at 100 logical operations
ok 91 - history is bounded at 100 logical operations
  ---
  duration_ms: 0.471994
  type: 'test'
  ...
# Subtest: discardEdit restores the saved base regardless of undo position
ok 92 - discardEdit restores the saved base regardless of undo position
  ---
  duration_ms: 0.26534
  type: 'test'
  ...
# Subtest: saveEdit: clean draft returns clean; stale context rejected
ok 93 - saveEdit: clean draft returns clean; stale context rejected
  ---
  duration_ms: 0.155852
  type: 'test'
  ...
# Subtest: saveEdit: valid edit returns a plan routed to update-in-place with recomputed primitives
ok 94 - saveEdit: valid edit returns a plan routed to update-in-place with recomputed primitives
  ---
  duration_ms: 0.327282
  type: 'test'
  ...
# Subtest: saveEdit: out-of-raster warning does not block; self-intersection does
ok 95 - saveEdit: out-of-raster warning does not block; self-intersection does
  ---
  duration_ms: 0.416457
  type: 'test'
  ...
# Subtest: saveEdit routes calibration targets to the existing calibration persist path
ok 96 - saveEdit routes calibration targets to the existing calibration persist path
  ---
  duration_ms: 0.149144
  type: 'test'
  ...
# Subtest: saveEdit routes component-line targets through the existing atomic save
ok 97 - saveEdit routes component-line targets through the existing atomic save
  ---
  duration_ms: 0.120755
  type: 'test'
  ...
# Subtest: square has area 10000, perimeter 400, winding preserved
ok 98 - square has area 10000, perimeter 400, winding preserved
  ---
  duration_ms: 1.149067
  type: 'test'
  ...
# Subtest: minimum closed outline constant is 3
ok 99 - minimum closed outline constant is 3
  ---
  duration_ms: 0.18132
  type: 'test'
  ...
# Subtest: collinear midpoint insertion is permitted (never an issue)
ok 100 - collinear midpoint insertion is permitted (never an issue)
  ---
  duration_ms: 0.534691
  type: 'test'
  ...
# Subtest: triangle (minimum valid closed outline) passes
ok 101 - triangle (minimum valid closed outline) passes
  ---
  duration_ms: 4.719752
  type: 'test'
  ...
# Subtest: concave polygon is valid
ok 102 - concave polygon is valid
  ---
  duration_ms: 0.586165
  type: 'test'
  ...
# Subtest: duplicate vertices are blocking
ok 103 - duplicate vertices are blocking
  ---
  duration_ms: 0.383012
  type: 'test'
  ...
# Subtest: zero-area degenerate outline is blocking
ok 104 - zero-area degenerate outline is blocking
  ---
  duration_ms: 0.332701
  type: 'test'
  ...
# Subtest: self-intersecting bowtie is blocking with vertex ids
ok 105 - self-intersecting bowtie is blocking with vertex ids
  ---
  duration_ms: 0.273328
  type: 'test'
  ...
# Subtest: adjacent edges sharing a joint never self-intersect
ok 106 - adjacent edges sharing a joint never self-intersect
  ---
  duration_ms: 0.570717
  type: 'test'
  ...
# Subtest: overlapping collinear edges are a self-intersection
ok 107 - overlapping collinear edges are a self-intersection
  ---
  duration_ms: 0.677314
  type: 'test'
  ...
# Subtest: non-finite coordinates are blocking and short-circuit
ok 108 - non-finite coordinates are blocking and short-circuit
  ---
  duration_ms: 0.308925
  type: 'test'
  ...
# Subtest: insufficient vertices on closed outline is blocking
ok 109 - insufficient vertices on closed outline is blocking
  ---
  duration_ms: 0.308867
  type: 'test'
  ...
# Subtest: open path with <3 points flags outline-open; empty open path is silent
ok 110 - open path with <3 points flags outline-open; empty open path is silent
  ---
  duration_ms: 0.201094
  type: 'test'
  ...
# Subtest: out-of-raster points produce a warning, not blocking
ok 111 - out-of-raster points produce a warning, not blocking
  ---
  duration_ms: 0.228668
  type: 'test'
  ...
# Subtest: distinctness uses tolerance
ok 112 - distinctness uses tolerance
  ---
  duration_ms: 0.148576
  type: 'test'
  ...
# Subtest: vertex ids are random and never coordinate-derived
ok 113 - vertex ids are random and never coordinate-derived
  ---
  duration_ms: 1.312377
  type: 'test'
  ...
# Subtest: worked example E: client delta maps through inverse linear part only
ok 114 - worked example E: client delta maps through inverse linear part only
  ---
  duration_ms: 1.123025
  type: 'test'
  ...
# Subtest: vertex type is plain data
ok 115 - vertex type is plain data
  ---
  duration_ms: 0.289412
  type: 'test'
  ...
# Subtest: idle pointerDown records pending press; NO selection/placement effect
ok 116 - idle pointerDown records pending press; NO selection/placement effect
  ---
  duration_ms: 3.149442
  type: 'test'
  ...
# Subtest: §5.3 idle pointer down in a control/sheet never reaches the machine (adapter contract)
ok 117 - §5.3 idle pointer down in a control/sheet never reaches the machine (adapter contract)
  ---
  duration_ms: 0.650252
  type: 'test'
  ...
# Subtest: pending + second touch cancels the tap and begins a two-pointer view gesture
ok 118 - pending + second touch cancels the tap and begins a two-pointer view gesture
  ---
  duration_ms: 0.403777
  type: 'test'
  ...
# Subtest: pending + slop-exceeding move while armed → remote move (beginMove + preview with FULL delta)
ok 119 - pending + slop-exceeding move while armed → remote move (beginMove + preview with FULL delta)
  ---
  duration_ms: 0.689702
  type: 'test'
  ...
# Subtest: pending + slop-exceeding move while disarmed → one-finger pan; NEVER appends a point
ok 120 - pending + slop-exceeding move while disarmed → one-finger pan; NEVER appends a point
  ---
  duration_ms: 0.33254
  type: 'test'
  ...
# Subtest: tap priority 1: marker hit selects/arms the existing point
ok 121 - tap priority 1: marker hit selects/arms the existing point
  ---
  duration_ms: 0.470596
  type: 'test'
  ...
# Subtest: tap priority 2: blank tap while armed creates/moves nothing; stays armed (T03)
ok 122 - tap priority 2: blank tap while armed creates/moves nothing; stays armed (T03)
  ---
  duration_ms: 0.245801
  type: 'test'
  ...
# Subtest: tap priority 3: explicit placement state, nothing armed → exactly one point placed (T01)
ok 123 - tap priority 3: explicit placement state, nothing armed → exactly one point placed (T01)
  ---
  duration_ms: 0.333251
  type: 'test'
  ...
# Subtest: tap priority 4: closed-outline review — blank taps NEVER add vertices
ok 124 - tap priority 4: closed-outline review — blank taps NEVER add vertices
  ---
  duration_ms: 0.54468
  type: 'test'
  ...
# Subtest: marker hit outranks an armed point: tapping a different marker selects it (priority order)
ok 125 - marker hit outranks an armed point: tapping a different marker selects it (priority order)
  ---
  duration_ms: 0.747109
  type: 'test'
  ...
# Subtest: moving + second touch rolls back the ENTIRE uncommitted move, then two-pointer (T05)
ok 126 - moving + second touch rolls back the ENTIRE uncommitted move, then two-pointer (T05)
  ---
  duration_ms: 0.492
  type: 'test'
  ...
# Subtest: moving + release commits exactly one move; sequence completes (disarm is the adapter's command)
ok 127 - moving + release commits exactly one move; sequence completes (disarm is the adapter's command)
  ---
  duration_ms: 0.448041
  type: 'test'
  ...
# Subtest: moving + pointercancel rolls the move back and clears the gesture (T07)
ok 128 - moving + pointercancel rolls the move back and clears the gesture (T07)
  ---
  duration_ms: 0.453166
  type: 'test'
  ...
# Subtest: T08: lostpointercapture AFTER a completed pointer-up does NOT roll back the move
ok 129 - T08: lostpointercapture AFTER a completed pointer-up does NOT roll back the move
  ---
  duration_ms: 0.589236
  type: 'test'
  ...
# Subtest: twoPointer + moves emit viewGestureUpdate with the frozen start pair (pinch math is M2 pinchCamera)
ok 130 - twoPointer + moves emit viewGestureUpdate with the frozen start pair (pinch math is M2 pinchCamera)
  ---
  duration_ms: 0.392996
  type: 'test'
  ...
# Subtest: T06: remaining finger after pinch cannot place/move; input resumes only when ALL lift
ok 131 - T06: remaining finger after pinch cannot place/move; input resumes only when ALL lift
  ---
  duration_ms: 0.292135
  type: 'test'
  ...
# Subtest: third touch during twoPointer cancels and suppresses until every contact lifts
ok 132 - third touch during twoPointer cancels and suppresses until every contact lifts
  ---
  duration_ms: 0.206978
  type: 'test'
  ...
# Subtest: third touch during a move rolls the move back and suppresses (never guesses fingers)
ok 133 - third touch during a move rolls the move back and suppresses (never guesses fingers)
  ---
  duration_ms: 0.288143
  type: 'test'
  ...
# Subtest: layoutInterrupt during a move rolls back the uncommitted move (draft preserved by adapter)
ok 134 - layoutInterrupt during a move rolls back the uncommitted move (draft preserved by adapter)
  ---
  duration_ms: 0.193843
  type: 'test'
  ...
# Subtest: layoutInterrupt during twoPointer ends the view gesture without geometry effects
ok 135 - layoutInterrupt during twoPointer ends the view gesture without geometry effects
  ---
  duration_ms: 0.225974
  type: 'test'
  ...
# Subtest: layoutInterrupt while idle is a no-op
ok 136 - layoutInterrupt while idle is a no-op
  ---
  duration_ms: 0.140763
  type: 'test'
  ...
# Subtest: controller buttons live outside the machine (§5.3 row: buttons do not forward events)
ok 137 - controller buttons live outside the machine (§5.3 row: buttons do not forward events)
  ---
  duration_ms: 0.099859
  type: 'test'
  ...
# Subtest: slop decision reads the environment at EVENT time — arming between press and move switches to move
ok 138 - slop decision reads the environment at EVENT time — arming between press and move switches to move
  ---
  duration_ms: 0.212678
  type: 'test'
  ...
# Subtest: ghost syntheticClick after a drag produces no effects (suppression by sequence state)
ok 139 - ghost syntheticClick after a drag produces no effects (suppression by sequence state)
  ---
  duration_ms: 0.193869
  type: 'test'
  ...
# Subtest: D: insert after last vertex of square lands at (0,50), area+perimeter unchanged
ok 140 - D: insert after last vertex of square lands at (0,50), area+perimeter unchanged
  ---
  duration_ms: 5.3113
  type: 'test'
  ...
# Subtest: F: moving one vertex changes area to 11000; at 0.01 m/px plan area is 1.1 m²
ok 141 - F: moving one vertex changes area to 11000; at 0.01 m/px plan area is 1.1 m²
  ---
  duration_ms: 1.526979
  type: 'test'
  ...
# Subtest: closed navigation wraps; index display order, not coordinate order
ok 142 - closed navigation wraps; index display order, not coordinate order
  ---
  duration_ms: 0.854432
  type: 'test'
  ...
# Subtest: open path does not wrap at the ends
ok 143 - open path does not wrap at the ends
  ---
  duration_ms: 0.33669
  type: 'test'
  ...
# Subtest: insert then move is exactly two undo steps (worked D + §6.3)
ok 144 - insert then move is exactly two undo steps (worked D + §6.3)
  ---
  duration_ms: 0.603488
  type: 'test'
  ...
# Subtest: manual creation journey: append x4, close, save
ok 145 - manual creation journey: append x4, close, save
  ---
  duration_ms: 0.447872
  type: 'test'
  ...
# Subtest: sceneDimsFromSource: long edge capped at 2000, aspect preserved
ok 146 - sceneDimsFromSource: long edge capped at 2000, aspect preserved
  ---
  duration_ms: 1.007511
  type: 'test'
  ...
# Subtest: sceneDimsFromSource: small sources are NOT upscaled (scale min(1, ...))
ok 147 - sceneDimsFromSource: small sources are NOT upscaled (scale min(1, ...))
  ---
  duration_ms: 0.229533
  type: 'test'
  ...
# Subtest: sceneDimsFromSource rejects invalid sources
ok 148 - sceneDimsFromSource rejects invalid sources
  ---
  duration_ms: 0.266187
  type: 'test'
  ...
# Subtest: R11: scene dims are INDEPENDENT of viewport size (the §2.1 trap 1 regression)
ok 149 - R11: scene dims are INDEPENDENT of viewport size (the §2.1 trap 1 regression)
  ---
  duration_ms: 0.689967
  type: 'test'
  ...
# Subtest: R11: stored scene geometry is unchanged across camera/viewport/layout switches
ok 150 - R11: stored scene geometry is unchanged across camera/viewport/layout switches
  ---
  duration_ms: 0.634398
  type: 'test'
  ...
# Subtest: remote-drag delta uses the linear part only, DPR-independent (§17.4 E)
ok 151 - remote-drag delta uses the linear part only, DPR-independent (§17.4 E)
  ---
  duration_ms: 0.193901
  type: 'test'
  ...
# Subtest: sceneToClient composes the interaction-surface rect offset (§10.2)
ok 152 - sceneToClient composes the interaction-surface rect offset (§10.2)
  ---
  duration_ms: 0.242895
  type: 'test'
  ...
# Subtest: fitCamera: fits inside viewport with margin, centred, works at 568x320 (L03)
ok 153 - fitCamera: fits inside viewport with margin, centred, works at 568x320 (L03)
  ---
  duration_ms: 0.185792
  type: 'test'
  ...
# Subtest: fitCamera: portrait viewport still fits the same scene without changing scene dims
ok 154 - fitCamera: portrait viewport still fits the same scene without changing scene dims
  ---
  duration_ms: 0.488059
  type: 'test'
  ...
# Subtest: pinchCamera: anchor point stays fixed under the gesture midpoint (§5.4)
ok 155 - pinchCamera: anchor point stays fixed under the gesture midpoint (§5.4)
  ---
  duration_ms: 0.450504
  type: 'test'
  ...
# Subtest: pinchCamera: zoom clamps recompute translation so the anchor is stable
ok 156 - pinchCamera: zoom clamps recompute translation so the anchor is stable
  ---
  duration_ms: 0.183439
  type: 'test'
  ...
# Subtest: pinchCamera rejects near-zero starting distance
ok 157 - pinchCamera rejects near-zero starting distance
  ---
  duration_ms: 0.1637
  type: 'test'
  ...
# Subtest: O10: the touch AI outline action stops after scan1 (pure orchestration decision)
ok 158 - O10: the touch AI outline action stops after scan1 (pure orchestration decision)
  ---
  duration_ms: 2.40884
  type: 'test'
  ...
# Subtest: O10: billing is identical mobile vs desktop — full scan1 charge, no cheaper variant
ok 159 - O10: billing is identical mobile vs desktop — full scan1 charge, no cheaper variant
  ---
  duration_ms: 0.402149
  type: 'test'
  ...
# Subtest: O10: candidates read ONLY roof-area polygons; lines/classification data is never converted
ok 160 - O10: candidates read ONLY roof-area polygons; lines/classification data is never converted
  ---
  duration_ms: 1.632837
  type: 'test'
  ...
# Subtest: O10/AiScanData: malformed polygons are skipped, not repaired
ok 161 - O10/AiScanData: malformed polygons are skipped, not repaired
  ---
  duration_ms: 0.350327
  type: 'test'
  ...
# Subtest: O04: imported candidate enters the M5 draft closed, origin-flagged imported, client-local id
ok 162 - O04: imported candidate enters the M5 draft closed, origin-flagged imported, client-local id
  ---
  duration_ms: 2.487517
  type: 'test'
  ...
# Subtest: O04: AI-origin vertices are editable like manual ones (R02) — commit/undo work identically
ok 163 - O04: AI-origin vertices are editable like manual ones (R02) — commit/undo work identically
  ---
  duration_ms: 0.698231
  type: 'test'
  ...
# Subtest: O04: accept-unchanged hands the exact AI points to the create-new flow (no update-in-place, no duplicates)
ok 164 - O04: accept-unchanged hands the exact AI points to the create-new flow (no update-in-place, no duplicates)
  ---
  duration_ms: 1.096328
  type: 'test'
  ...
# Subtest: O04: edit-then-accept routes the SAME create-new path with the edited points
ok 165 - O04: edit-then-accept routes the SAME create-new path with the edited points
  ---
  duration_ms: 1.964342
  type: 'test'
  ...
# Subtest: O04: an unusable candidate imports as an INVALID editable draft — save blocked, repair possible (§8.2)
ok 166 - O04: an unusable candidate imports as an INVALID editable draft — save blocked, repair possible (§8.2)
  ---
  duration_ms: 0.87806
  type: 'test'
  ...
# Subtest: O04/O11: a stale-context import is rejected by the SAME M5 save boundary
ok 167 - O04/O11: a stale-context import is rejected by the SAME M5 save boundary
  ---
  duration_ms: 0.858868
  type: 'test'
  ...
# Subtest: O11: a matching context applies the result
ok 168 - O11: a matching context applies the result
  ---
  duration_ms: 0.428501
  type: 'test'
  ...
# Subtest: O11: manual edits since scan start discard the result with an explicit message
ok 169 - O11: manual edits since scan start discard the result with an explicit message
  ---
  duration_ms: 0.368685
  type: 'test'
  ...
# Subtest: O11: page switch discards the result
ok 170 - O11: page switch discards the result
  ---
  duration_ms: 0.181323
  type: 'test'
  ...
# Subtest: O11: image revision change discards the result
ok 171 - O11: image revision change discards the result
  ---
  duration_ms: 0.157446
  type: 'test'
  ...
# Subtest: O11: contextEpoch change (cancellation / later page change) discards the result
ok 172 - O11: contextEpoch change (cancellation / later page change) discards the result
  ---
  duration_ms: 0.151124
  type: 'test'
  ...
# Subtest: O11: manual edits take precedence over other staleness reasons
ok 173 - O11: manual edits take precedence over other staleness reasons
  ---
  duration_ms: 0.330596
  type: 'test'
  ...
# Subtest: M8 gate: scan is blocked while the page is uncalibrated (null scale)
ok 174 - M8 gate: scan is blocked while the page is uncalibrated (null scale)
  ---
  duration_ms: 0.177235
  type: 'test'
  ...
# Subtest: M8 gate: non-finite / non-positive scales also block (defensive)
ok 175 - M8 gate: non-finite / non-positive scales also block (defensive)
  ---
  duration_ms: 0.399219
  type: 'test'
  ...
# Subtest: M8 gate: a completed calibration (positive finite scale) allows the scan
ok 176 - M8 gate: a completed calibration (positive finite scale) allows the scan
  ---
  duration_ms: 0.17899
  type: 'test'
  ...
# Subtest: O05: editing a saved outline produces an update-in-place intent for the SAME id, metadata retained
ok 177 - O05: editing a saved outline produces an update-in-place intent for the SAME id, metadata retained
  ---
  duration_ms: 4.727529
  type: 'test'
  ...
# Subtest: O05: plan area of the moved square is derived from new points, not old area
ok 178 - O05: plan area of the moved square is derived from new points, not old area
  ---
  duration_ms: 0.416392
  type: 'test'
  ...
# Subtest: O05: a client-local outline id routes to create-new (existing handleSaveArea flow)
ok 179 - O05: a client-local outline id routes to create-new (existing handleSaveArea flow)
  ---
  duration_ms: 0.35048
  type: 'test'
  ...
# Subtest: isPersistedOutlineGeometryId distinguishes DB ids from client-local ids
ok 180 - isPersistedOutlineGeometryId distinguishes DB ids from client-local ids
  ---
  duration_ms: 0.187568
  type: 'test'
  ...
# Subtest: O03: manual creation is an open path; Close requires 3 distinct points; no double-tap needed
ok 181 - O03: manual creation is an open path; Close requires 3 distinct points; no double-tap needed
  ---
  duration_ms: 0.47814
  type: 'test'
  ...
# Subtest: O06: a move producing a bowtie blocks save; the draft stays editable and undo repairs it
ok 182 - O06: a move producing a bowtie blocks save; the draft stays editable and undo repairs it
  ---
  duration_ms: 0.560897
  type: 'test'
  ...
# Subtest: O06: a degenerate (collinear) outline blocks save — min 3 distinct, nonzero area
ok 183 - O06: a degenerate (collinear) outline blocks save — min 3 distinct, nonzero area
  ---
  duration_ms: 0.541134
  type: 'test'
  ...
# Subtest: O12: rebuilding the intent after a lost save response yields the SAME update (idempotent)
ok 184 - O12: rebuilding the intent after a lost save response yields the SAME update (idempotent)
  ---
  duration_ms: 1.711587
  type: 'test'
  ...
# Subtest: O13: STALE_TAKEOFF_VERSION is classified; the local draft is untouched
ok 185 - O13: STALE_TAKEOFF_VERSION is classified; the local draft is untouched
  ---
  duration_ms: 1.477344
  type: 'test'
  ...
# Subtest: O13: stale-context edits are rejected at the boundary (page/image/epoch changed)
ok 186 - O13: stale-context edits are rejected at the boundary (page/image/epoch changed)
  ---
  duration_ms: 0.745794
  type: 'test'
  ...
# Subtest: O07: geometry change at constant scale recomputes source-linked entries from the NEW points
ok 187 - O07: geometry change at constant scale recomputes source-linked entries from the NEW points
  ---
  duration_ms: 1.801903
  type: 'test'
  ...
# Subtest: O07 (disambiguation): recompute uses new geometry, not the scale ratio
ok 188 - O07 (disambiguation): recompute uses new geometry, not the scale ratio
  ---
  duration_ms: 0.316593
  type: 'test'
  ...
# Subtest: R13: cancel (discardEdit) restores the exact saved base; exit guard clears
ok 189 - R13: cancel (discardEdit) restores the exact saved base; exit guard clears
  ---
  duration_ms: 0.353814
  type: 'test'
  ...
# Subtest: R13: an approved checkpoint save is never rolled back by a later cancel
ok 190 - R13: an approved checkpoint save is never rolled back by a later cancel
  ---
  duration_ms: 0.242524
  type: 'test'
  ...
# Subtest: O16: exit guard tracks draft dirtiness; stay changes nothing, discard restores base
ok 191 - O16: exit guard tracks draft dirtiness; stay changes nothing, discard restores base
  ---
  duration_ms: 0.278106
  type: 'test'
  ...
# Subtest: M6 prep: an imported outline uses the identical edit/save path (origin is provenance only)
ok 192 - M6 prep: an imported outline uses the identical edit/save path (origin is provenance only)
  ---
  duration_ms: 0.261157
  type: 'test'
  ...
# Subtest: out-of-raster points are a warning (non-blocking); duplicate vertices are blocking
ok 193 - out-of-raster points are a warning (non-blocking); duplicate vertices are blocking
  ---
  duration_ms: 0.268167
  type: 'test'
  ...
# Subtest: L01: Auto recommends touch for coarse-pointer phones in both orientations
ok 194 - L01: Auto recommends touch for coarse-pointer phones in both orientations
  ---
  duration_ms: 1.020412
  type: 'test'
  ...
# Subtest: L01: Auto recommends desktop for fine pointers regardless of size
ok 195 - L01: Auto recommends desktop for fine pointers regardless of size
  ---
  duration_ms: 0.391123
  type: 'test'
  ...
# Subtest: L01: Auto recommends desktop for coarse pointers above the short-edge threshold
ok 196 - L01: Auto recommends desktop for coarse pointers above the short-edge threshold
  ---
  duration_ms: 0.171253
  type: 'test'
  ...
# Subtest: L01: boundary uses the SHORTER layout edge (landscape phone passes)
ok 197 - L01: boundary uses the SHORTER layout edge (landscape phone passes)
  ---
  duration_ms: 0.159892
  type: 'test'
  ...
# Subtest: L01: explicit preference always wins over the Auto recommendation
ok 198 - L01: explicit preference always wins over the Auto recommendation
  ---
  duration_ms: 0.186223
  type: 'test'
  ...
# Subtest: L01: malformed stored values fall back to Auto
ok 199 - L01: malformed stored values fall back to Auto
  ---
  duration_ms: 0.152269
  type: 'test'
  ...
# Subtest: L02: PWA display mode alone never flips the recommendation
ok 200 - L02: PWA display mode alone never flips the recommendation
  ---
  duration_ms: 0.17262
  type: 'test'
  ...
# Subtest: L04: heuristic consumes only the layout viewport — a keyboard-shrunk visual viewport is invisible
ok 201 - L04: heuristic consumes only the layout viewport — a keyboard-shrunk visual viewport is invisible
  ---
  duration_ms: 0.148069
  type: 'test'
  ...
# Subtest: readLayoutViewportCapabilities: pointer media failure degrades to fine pointer
ok 202 - readLayoutViewportCapabilities: pointer media failure degrades to fine pointer
  ---
  duration_ms: 0.395203
  type: 'test'
  ...
# Subtest: L01: preference persistence round-trips through a working store
ok 203 - L01: preference persistence round-trips through a working store
  ---
  duration_ms: 0.545942
  type: 'test'
  ...
# Subtest: storage failure falls back to session memory without throwing
ok 204 - storage failure falls back to session memory without throwing
  ---
  duration_ms: 0.340857
  type: 'test'
  ...
# Subtest: null store (no window) still supports session-memory persistence
ok 205 - null store (no window) still supports session-memory persistence
  ---
  duration_ms: 0.100796
  type: 'test'
  ...
# Subtest: no oscillation: hybrid device with fine primary pointer stays desktop even at phone width
ok 206 - no oscillation: hybrid device with fine primary pointer stays desktop even at phone width
  ---
  duration_ms: 0.117636
  type: 'test'
  ...
# Subtest: Roof \#4 golden fixture: recovers both missing valleys and nothing else
ok 207 - Roof \#4 golden fixture: recovers both missing valleys and nothing else
  ---
  duration_ms: 5.837844
  type: 'test'
  ...
# Subtest: concave outline vertex with no line recovers exactly one valley
ok 208 - concave outline vertex with no line recovers exactly one valley
  ---
  duration_ms: 3.350712
  type: 'test'
  ...
# Subtest: up-and-over with one valley missing recovers the twin without suppressing the parallel hip
ok 209 - up-and-over with one valley missing recovers the twin without suppressing the parallel hip
  ---
  duration_ms: 1.369576
  type: 'test'
  ...
# Subtest: nearby parallel hip + valley pair is untouched and not duplicated
ok 210 - nearby parallel hip + valley pair is untouched and not duplicated
  ---
  duration_ms: 2.496137
  type: 'test'
  ...
# Subtest: dangling internal endpoint connects onward to the network
ok 211 - dangling internal endpoint connects onward to the network
  ---
  duration_ms: 0.855029
  type: 'test'
  ...
# Subtest: two equally plausible targets surface as a review candidate only
ok 212 - two equally plausible targets surface as a review candidate only
  ---
  duration_ms: 0.795082
  type: 'test'
  ...
# Subtest: ordinary external (convex) corners never create lines
ok 213 - ordinary external (convex) corners never create lines
  ---
  duration_ms: 0.164601
  type: 'test'
  ...
# Subtest: complete Roof \#4 (with both valleys present) stays unchanged
ok 214 - complete Roof \#4 (with both valleys present) stays unchanged
  ---
  duration_ms: 0.463972
  type: 'test'
  ...
# Subtest: a 45-degree dangling heal surfaces as pink review, never an auto ridge
ok 215 - a 45-degree dangling heal surfaces as pink review, never an auto ridge
  ---
  duration_ms: 0.738167
  type: 'test'
  ...
# Subtest: a dangling heal whose endpoints both become junctions is dropped entirely
ok 216 - a dangling heal whose endpoints both become junctions is dropped entirely
  ---
  duration_ms: 0.788292
  type: 'test'
  ...
# Subtest: a 0.94-scored corner recovery promotes despite a zero margin
ok 217 - a 0.94-scored corner recovery promotes despite a zero margin
  ---
  duration_ms: 2.729091
  type: 'test'
  ...
1..217
# tests 217
# suites 0
# pass 217
# fail 0
# cancelled 0
# skipped 0
# todo 0
# duration_ms 3370.675378
