app/(auth)/[workspaceSlug]/account/smart-assistant/AssistantLibrarySettings.tsx(2,41): error TS2307: Cannot find module 'react' or its corresponding type declarations.
app/(auth)/[workspaceSlug]/account/smart-assistant/AssistantLibrarySettings.tsx(12,21): error TS7026: JSX element implicitly has type 'any' because no interface 'JSX.IntrinsicElements' exists.
app/(auth)/[workspaceSlug]/account/smart-assistant/AssistantLibrarySettings.tsx(12,21): error TS2875: This JSX tag requires the module path 'react/jsx-runtime' to exist, but none could be found. Make sure you have types for the appropriate package installed.
app/(auth)/[workspaceSlug]/account/smart-assistant/AssistantLibrarySettings.tsx(12,93): error TS7026: JSX element implicitly has type 'any' because no interface 'JSX.IntrinsicElements' exists.
app/(auth)/[workspaceSlug]/account/smart-assistant/AssistantLibrarySettings.tsx(12,163): error TS7026: JSX element implicitly has type 'any' because no interface 'JSX.IntrinsicElements' exists.
app/(auth)/[workspaceSlug]/account/smart-assistant/AssistantLibrarySettings.tsx(12,168): error TS7026: JSX element implicitly has type 'any' because no interface 'JSX.IntrinsicElements' exists.
app/(auth)/[workspaceSlug]/account/smart-assistant/AssistantLibrarySettings.tsx(12,355): error TS7026: JSX element implicitly has type 'any' because no interface 'JSX.IntrinsicElements' exists.
app/(auth)/[workspaceSlug]/account/smart-assistant/AssistantLibrarySettings.tsx(12,359): error TS7026: JSX element implicitly has type 'any' because no interface 'JSX.IntrinsicElements' exists.
app/(auth)/[workspaceSlug]/account/smart-assistant/AssistantLibrarySettings.tsx(13,31): error TS7006: Parameter 'l' implicitly has an 'any' type.
app/(auth)/[workspaceSlug]/account/smart-assistant/AssistantLibrarySettings.tsx(14,75): error TS7006: Parameter 'previous' implicitly has an 'any' type.
app/(auth)/[workspaceSlug]/account/smart-assistant/AssistantLibrarySettings.tsx(14,98): error TS7006: Parameter 'c' implicitly has an 'any' type.
app/(auth)/[workspaceSlug]/account/smart-assistant/AssistantLibrarySettings.tsx(15,79): error TS7006: Parameter 'previous' implicitly has an 'any' type.
app/(auth)/[workspaceSlug]/account/smart-assistant/AssistantLibrarySettings.tsx(15,102): error TS7006: Parameter 'l' implicitly has an 'any' type.
app/(auth)/[workspaceSlug]/account/smart-assistant/AssistantLibrarySettings.tsx(16,9): error TS7026: JSX element implicitly has type 'any' because no interface 'JSX.IntrinsicElements' exists.
app/(auth)/[workspaceSlug]/account/smart-assistant/AssistantLibrarySettings.tsx(17,3): error TS7026: JSX element implicitly has type 'any' because no interface 'JSX.IntrinsicElements' exists.
app/(auth)/[workspaceSlug]/account/smart-assistant/AssistantLibrarySettings.tsx(17,73): error TS7026: JSX element implicitly has type 'any' because no interface 'JSX.IntrinsicElements' exists.
app/(auth)/[workspaceSlug]/account/smart-assistant/AssistantLibrarySettings.tsx(18,3): error TS7026: JSX element implicitly has type 'any' because no interface 'JSX.IntrinsicElements' exists.
app/(auth)/[workspaceSlug]/account/smart-assistant/AssistantLibrarySettings.tsx(18,192): error TS7026: JSX element implicitly has type 'any' because no interface 'JSX.IntrinsicElements' exists.
app/(auth)/[workspaceSlug]/account/smart-assistant/AssistantLibrarySettings.tsx(19,13): error TS7026: JSX element implicitly has type 'any' because no interface 'JSX.IntrinsicElements' exists.
app/(auth)/[workspaceSlug]/account/smart-assistant/AssistantLibrarySettings.tsx(19,86): error TS7026: JSX element implicitly has type 'any' because no interface 'JSX.IntrinsicElements' exists.
app/(auth)/[workspaceSlug]/account/smart-assistant/AssistantLibrarySettings.tsx(20,3): error TS7026: JSX element implicitly has type 'any' because no interface 'JSX.IntrinsicElements' exists.
app/(auth)/[workspaceSlug]/account/smart-assistant/AssistantLibrarySettings.tsx(20,54): error TS7026: JSX element implicitly has type 'any' because no interface 'JSX.IntrinsicElements' exists.
app/(auth)/[workspaceSlug]/account/smart-assistant/AssistantLibrarySettings.tsx(20,111): error TS7026: JSX element implicitly has type 'any' because no interface 'JSX.IntrinsicElements' exists.
app/(auth)/[workspaceSlug]/account/smart-assistant/AssistantLibrarySettings.tsx(21,18): error TS7006: Parameter 'c' implicitly has an 'any' type.
app/(auth)/[workspaceSlug]/account/smart-assistant/AssistantLibrarySettings.tsx(21,21): error TS7026: JSX element implicitly has type 'any' because no interface 'JSX.IntrinsicElements' exists.
app/(auth)/[workspaceSlug]/account/smart-assistant/AssistantLibrarySettings.tsx(21,76): error TS7026: JSX element implicitly has type 'any' because no interface 'JSX.IntrinsicElements' exists.
app/(auth)/[workspaceSlug]/account/smart-assistant/AssistantLibrarySettings.tsx(21,140): error TS7026: JSX element implicitly has type 'any' because no interface 'JSX.IntrinsicElements' exists.
app/(auth)/[workspaceSlug]/account/smart-assistant/AssistantLibrarySettings.tsx(21,213): error TS7026: JSX element implicitly has type 'any' because no interface 'JSX.IntrinsicElements' exists.
app/(auth)/[workspaceSlug]/account/smart-assistant/AssistantLibrarySettings.tsx(21,220): error TS7026: JSX element implicitly has type 'any' because no interface 'JSX.IntrinsicElements' exists.
app/(auth)/[workspaceSlug]/account/smart-assistant/AssistantLibrarySettings.tsx(21,230): error TS7026: JSX element implicitly has type 'any' because no interface 'JSX.IntrinsicElements' exists.
app/(auth)/[workspaceSlug]/account/smart-assistant/AssistantLibrarySettings.tsx(22,5): error TS7026: JSX element implicitly has type 'any' because no interface 'JSX.IntrinsicElements' exists.
app/(auth)/[workspaceSlug]/account/smart-assistant/AssistantLibrarySettings.tsx(22,44): error TS7026: JSX element implicitly has type 'any' because no interface 'JSX.IntrinsicElements' exists.
app/(auth)/[workspaceSlug]/account/smart-assistant/AssistantLibrarySettings.tsx(22,98): error TS7006: Parameter 'e' implicitly has an 'any' type.
app/(auth)/[workspaceSlug]/account/smart-assistant/AssistantLibrarySettings.tsx(22,195): error TS7026: JSX element implicitly has type 'any' because no interface 'JSX.IntrinsicElements' exists.
app/(auth)/[workspaceSlug]/account/smart-assistant/AssistantLibrarySettings.tsx(23,5): error TS7026: JSX element implicitly has type 'any' because no interface 'JSX.IntrinsicElements' exists.
app/(auth)/[workspaceSlug]/account/smart-assistant/AssistantLibrarySettings.tsx(23,57): error TS7026: JSX element implicitly has type 'any' because no interface 'JSX.IntrinsicElements' exists.
app/(auth)/[workspaceSlug]/account/smart-assistant/AssistantLibrarySettings.tsx(23,123): error TS7006: Parameter 'e' implicitly has an 'any' type.
app/(auth)/[workspaceSlug]/account/smart-assistant/AssistantLibrarySettings.tsx(23,141): error TS7006: Parameter 'previous' implicitly has an 'any' type.
app/(auth)/[workspaceSlug]/account/smart-assistant/AssistantLibrarySettings.tsx(23,236): error TS7026: JSX element implicitly has type 'any' because no interface 'JSX.IntrinsicElements' exists.
app/(auth)/[workspaceSlug]/account/smart-assistant/AssistantLibrarySettings.tsx(24,20): error TS7026: JSX element implicitly has type 'any' because no interface 'JSX.IntrinsicElements' exists.
app/(auth)/[workspaceSlug]/account/smart-assistant/AssistantLibrarySettings.tsx(24,73): error TS7026: JSX element implicitly has type 'any' because no interface 'JSX.IntrinsicElements' exists.
app/(auth)/[workspaceSlug]/account/smart-assistant/AssistantLibrarySettings.tsx(24,142): error TS7006: Parameter 'e' implicitly has an 'any' type.
app/(auth)/[workspaceSlug]/account/smart-assistant/AssistantLibrarySettings.tsx(24,302): error TS7026: JSX element implicitly has type 'any' because no interface 'JSX.IntrinsicElements' exists.
app/(auth)/[workspaceSlug]/account/smart-assistant/AssistantLibrarySettings.tsx(24,348): error TS7026: JSX element implicitly has type 'any' because no interface 'JSX.IntrinsicElements' exists.
app/(auth)/[workspaceSlug]/account/smart-assistant/AssistantLibrarySettings.tsx(24,359): error TS7026: JSX element implicitly has type 'any' because no interface 'JSX.IntrinsicElements' exists.
app/(auth)/[workspaceSlug]/account/smart-assistant/AssistantLibrarySettings.tsx(24,368): error TS7026: JSX element implicitly has type 'any' because no interface 'JSX.IntrinsicElements' exists.
app/(auth)/[workspaceSlug]/account/smart-assistant/AssistantLibrarySettings.tsx(24,449): error TS7026: JSX element implicitly has type 'any' because no interface 'JSX.IntrinsicElements' exists.
app/(auth)/[workspaceSlug]/account/smart-assistant/AssistantLibrarySettings.tsx(24,457): error TS7026: JSX element implicitly has type 'any' because no interface 'JSX.IntrinsicElements' exists.
app/(auth)/[workspaceSlug]/account/smart-assistant/AssistantLibrarySettings.tsx(24,465): error TS7026: JSX element implicitly has type 'any' because no interface 'JSX.IntrinsicElements' exists.
app/(auth)/[workspaceSlug]/account/smart-assistant/AssistantLibrarySettings.tsx(24,512): error TS7006: Parameter 'previous' implicitly has an 'any' type.
app/(auth)/[workspaceSlug]/account/smart-assistant/AssistantLibrarySettings.tsx(24,538): error TS7006: Parameter 'x' implicitly has an 'any' type.
app/(auth)/[workspaceSlug]/account/smart-assistant/AssistantLibrarySettings.tsx(24,618): error TS7026: JSX element implicitly has type 'any' because no interface 'JSX.IntrinsicElements' exists.
app/(auth)/[workspaceSlug]/account/smart-assistant/AssistantLibrarySettings.tsx(25,4): error TS7026: JSX element implicitly has type 'any' because no interface 'JSX.IntrinsicElements' exists.
app/(auth)/[workspaceSlug]/account/smart-assistant/AssistantLibrarySettings.tsx(25,10): error TS7026: JSX element implicitly has type 'any' because no interface 'JSX.IntrinsicElements' exists.
app/(auth)/[workspaceSlug]/account/smart-assistant/AssistantLibrarySettings.tsx(26,4): error TS7026: JSX element implicitly has type 'any' because no interface 'JSX.IntrinsicElements' exists.
app/(auth)/[workspaceSlug]/account/smart-assistant/AssistantLibrarySettings.tsx(26,42): error TS7026: JSX element implicitly has type 'any' because no interface 'JSX.IntrinsicElements' exists.
app/(auth)/[workspaceSlug]/account/smart-assistant/AssistantLibrarySettings.tsx(26,90): error TS7006: Parameter 'c' implicitly has an 'any' type.
app/(auth)/[workspaceSlug]/account/smart-assistant/AssistantLibrarySettings.tsx(26,159): error TS7006: Parameter 'previous' implicitly has an 'any' type.
app/(auth)/[workspaceSlug]/account/smart-assistant/AssistantLibrarySettings.tsx(26,377): error TS7026: JSX element implicitly has type 'any' because no interface 'JSX.IntrinsicElements' exists.
app/(auth)/[workspaceSlug]/account/smart-assistant/AssistantLibrarySettings.tsx(27,4): error TS7026: JSX element implicitly has type 'any' because no interface 'JSX.IntrinsicElements' exists.
app/(auth)/[workspaceSlug]/account/smart-assistant/AssistantLibrarySettings.tsx(27,103): error TS7006: Parameter 'c' implicitly has an 'any' type.
app/(auth)/[workspaceSlug]/account/smart-assistant/AssistantLibrarySettings.tsx(27,196): error TS7006: Parameter 'v' implicitly has an 'any' type.
app/(auth)/[workspaceSlug]/account/smart-assistant/AssistantLibrarySettings.tsx(27,560): error TS7006: Parameter 'c' implicitly has an 'any' type.
app/(auth)/[workspaceSlug]/account/smart-assistant/AssistantLibrarySettings.tsx(27,720): error TS7026: JSX element implicitly has type 'any' because no interface 'JSX.IntrinsicElements' exists.
app/(auth)/[workspaceSlug]/account/smart-assistant/AssistantLibrarySettings.tsx(27,729): error TS7026: JSX element implicitly has type 'any' because no interface 'JSX.IntrinsicElements' exists.
app/(auth)/[workspaceSlug]/account/smart-assistant/AssistantLibrarySettings.tsx(28,3): error TS7026: JSX element implicitly has type 'any' because no interface 'JSX.IntrinsicElements' exists.
app/(auth)/[workspaceSlug]/account/smart-assistant/AssistantLibrarySettings.tsx(29,3): error TS7026: JSX element implicitly has type 'any' because no interface 'JSX.IntrinsicElements' exists.
app/(auth)/[workspaceSlug]/account/smart-assistant/AssistantLibrarySettings.tsx(29,54): error TS7026: JSX element implicitly has type 'any' because no interface 'JSX.IntrinsicElements' exists.
app/(auth)/[workspaceSlug]/account/smart-assistant/AssistantLibrarySettings.tsx(29,115): error TS7026: JSX element implicitly has type 'any' because no interface 'JSX.IntrinsicElements' exists.
app/(auth)/[workspaceSlug]/account/smart-assistant/AssistantLibrarySettings.tsx(30,23): error TS7026: JSX element implicitly has type 'any' because no interface 'JSX.IntrinsicElements' exists.
app/(auth)/[workspaceSlug]/account/smart-assistant/AssistantLibrarySettings.tsx(30,103): error TS7026: JSX element implicitly has type 'any' because no interface 'JSX.IntrinsicElements' exists.
app/(auth)/[workspaceSlug]/account/smart-assistant/AssistantLibrarySettings.tsx(30,108): error TS7026: JSX element implicitly has type 'any' because no interface 'JSX.IntrinsicElements' exists.
app/(auth)/[workspaceSlug]/account/smart-assistant/AssistantLibrarySettings.tsx(30,158): error TS7026: JSX element implicitly has type 'any' because no interface 'JSX.IntrinsicElements' exists.
app/(auth)/[workspaceSlug]/account/smart-assistant/AssistantLibrarySettings.tsx(30,193): error TS7006: Parameter 'e' implicitly has an 'any' type.
app/(auth)/[workspaceSlug]/account/smart-assistant/AssistantLibrarySettings.tsx(30,283): error TS7006: Parameter 'l' implicitly has an 'any' type.
app/(auth)/[workspaceSlug]/account/smart-assistant/AssistantLibrarySettings.tsx(30,286): error TS7026: JSX element implicitly has type 'any' because no interface 'JSX.IntrinsicElements' exists.
app/(auth)/[workspaceSlug]/account/smart-assistant/AssistantLibrarySettings.tsx(30,326): error TS7026: JSX element implicitly has type 'any' because no interface 'JSX.IntrinsicElements' exists.
app/(auth)/[workspaceSlug]/account/smart-assistant/AssistantLibrarySettings.tsx(30,337): error TS7026: JSX element implicitly has type 'any' because no interface 'JSX.IntrinsicElements' exists.
app/(auth)/[workspaceSlug]/account/smart-assistant/AssistantLibrarySettings.tsx(30,346): error TS7026: JSX element implicitly has type 'any' because no interface 'JSX.IntrinsicElements' exists.
app/(auth)/[workspaceSlug]/account/smart-assistant/AssistantLibrarySettings.tsx(31,16): error TS7026: JSX element implicitly has type 'any' because no interface 'JSX.IntrinsicElements' exists.
app/(auth)/[workspaceSlug]/account/smart-assistant/AssistantLibrarySettings.tsx(31,67): error TS7026: JSX element implicitly has type 'any' because no interface 'JSX.IntrinsicElements' exists.
app/(auth)/[workspaceSlug]/account/smart-assistant/AssistantLibrarySettings.tsx(31,126): error TS7006: Parameter 'e' implicitly has an 'any' type.
app/(auth)/[workspaceSlug]/account/smart-assistant/AssistantLibrarySettings.tsx(31,207): error TS7026: JSX element implicitly has type 'any' because no interface 'JSX.IntrinsicElements' exists.
app/(auth)/[workspaceSlug]/account/smart-assistant/AssistantLibrarySettings.tsx(32,5): error TS7026: JSX element implicitly has type 'any' because no interface 'JSX.IntrinsicElements' exists.
app/(auth)/[workspaceSlug]/account/smart-assistant/AssistantLibrarySettings.tsx(32,56): error TS7026: JSX element implicitly has type 'any' because no interface 'JSX.IntrinsicElements' exists.
app/(auth)/[workspaceSlug]/account/smart-assistant/AssistantLibrarySettings.tsx(32,118): error TS7006: Parameter 'e' implicitly has an 'any' type.
app/(auth)/[workspaceSlug]/account/smart-assistant/AssistantLibrarySettings.tsx(32,261): error TS7026: JSX element implicitly has type 'any' because no interface 'JSX.IntrinsicElements' exists.
app/(auth)/[workspaceSlug]/account/smart-assistant/AssistantLibrarySettings.tsx(33,5): error TS7026: JSX element implicitly has type 'any' because no interface 'JSX.IntrinsicElements' exists.
app/(auth)/[workspaceSlug]/account/smart-assistant/AssistantLibrarySettings.tsx(33,284): error TS7026: JSX element implicitly has type 'any' because no interface 'JSX.IntrinsicElements' exists.
app/(auth)/[workspaceSlug]/account/smart-assistant/AssistantLibrarySettings.tsx(34,5): error TS7026: JSX element implicitly has type 'any' because no interface 'JSX.IntrinsicElements' exists.
app/(auth)/[workspaceSlug]/account/smart-assistant/AssistantLibrarySettings.tsx(34,179): error TS7026: JSX element implicitly has type 'any' because no interface 'JSX.IntrinsicElements' exists.
app/(auth)/[workspaceSlug]/account/smart-assistant/AssistantLibrarySettings.tsx(35,37): error TS7026: JSX element implicitly has type 'any' because no interface 'JSX.IntrinsicElements' exists.
app/(auth)/[workspaceSlug]/account/smart-assistant/AssistantLibrarySettings.tsx(35,166): error TS7026: JSX element implicitly has type 'any' because no interface 'JSX.IntrinsicElements' exists.
app/(auth)/[workspaceSlug]/account/smart-assistant/AssistantLibrarySettings.tsx(36,5): error TS7026: JSX element implicitly has type 'any' because no interface 'JSX.IntrinsicElements' exists.
app/(auth)/[workspaceSlug]/account/smart-assistant/AssistantLibrarySettings.tsx(36,53): error TS7026: JSX element implicitly has type 'any' because no interface 'JSX.IntrinsicElements' exists.
app/(auth)/[workspaceSlug]/account/smart-assistant/AssistantLibrarySettings.tsx(36,101): error TS7026: JSX element implicitly has type 'any' because no interface 'JSX.IntrinsicElements' exists.
app/(auth)/[workspaceSlug]/account/smart-assistant/AssistantLibrarySettings.tsx(36,142): error TS7026: JSX element implicitly has type 'any' because no interface 'JSX.IntrinsicElements' exists.
app/(auth)/[workspaceSlug]/account/smart-assistant/AssistantLibrarySettings.tsx(36,146): error TS7026: JSX element implicitly has type 'any' because no interface 'JSX.IntrinsicElements' exists.
app/(auth)/[workspaceSlug]/account/smart-assistant/AssistantLibrarySettings.tsx(36,169): error TS7026: JSX element implicitly has type 'any' because no interface 'JSX.IntrinsicElements' exists.
app/(auth)/[workspaceSlug]/account/smart-assistant/AssistantLibrarySettings.tsx(36,174): error TS7026: JSX element implicitly has type 'any' because no interface 'JSX.IntrinsicElements' exists.
app/(auth)/[workspaceSlug]/account/smart-assistant/AssistantLibrarySettings.tsx(36,201): error TS7026: JSX element implicitly has type 'any' because no interface 'JSX.IntrinsicElements' exists.
app/(auth)/[workspaceSlug]/account/smart-assistant/AssistantLibrarySettings.tsx(36,206): error TS7026: JSX element implicitly has type 'any' because no interface 'JSX.IntrinsicElements' exists.
app/(auth)/[workspaceSlug]/account/smart-assistant/AssistantLibrarySettings.tsx(36,233): error TS7026: JSX element implicitly has type 'any' because no interface 'JSX.IntrinsicElements' exists.
app/(auth)/[workspaceSlug]/account/smart-assistant/AssistantLibrarySettings.tsx(36,238): error TS7026: JSX element implicitly has type 'any' because no interface 'JSX.IntrinsicElements' exists.
app/(auth)/[workspaceSlug]/account/smart-assistant/AssistantLibrarySettings.tsx(36,265): error TS7026: JSX element implicitly has type 'any' because no interface 'JSX.IntrinsicElements' exists.
app/(auth)/[workspaceSlug]/account/smart-assistant/AssistantLibrarySettings.tsx(36,270): error TS7026: JSX element implicitly has type 'any' because no interface 'JSX.IntrinsicElements' exists.
app/(auth)/[workspaceSlug]/account/smart-assistant/AssistantLibrarySettings.tsx(36,275): error TS7026: JSX element implicitly has type 'any' because no interface 'JSX.IntrinsicElements' exists.
app/(auth)/[workspaceSlug]/account/smart-assistant/AssistantLibrarySettings.tsx(36,283): error TS7026: JSX element implicitly has type 'any' because no interface 'JSX.IntrinsicElements' exists.
app/(auth)/[workspaceSlug]/account/smart-assistant/AssistantLibrarySettings.tsx(36,314): error TS7006: Parameter 'c' implicitly has an 'any' type.
app/(auth)/[workspaceSlug]/account/smart-assistant/AssistantLibrarySettings.tsx(36,317): error TS7026: JSX element implicitly has type 'any' because no interface 'JSX.IntrinsicElements' exists.
app/(auth)/[workspaceSlug]/account/smart-assistant/AssistantLibrarySettings.tsx(36,353): error TS7026: JSX element implicitly has type 'any' because no interface 'JSX.IntrinsicElements' exists.
app/(auth)/[workspaceSlug]/account/smart-assistant/AssistantLibrarySettings.tsx(36,373): error TS7026: JSX element implicitly has type 'any' because no interface 'JSX.IntrinsicElements' exists.
app/(auth)/[workspaceSlug]/account/smart-assistant/AssistantLibrarySettings.tsx(36,460): error TS7006: Parameter 'e' implicitly has an 'any' type.
app/(auth)/[workspaceSlug]/account/smart-assistant/AssistantLibrarySettings.tsx(36,509): error TS7006: Parameter 'x' implicitly has an 'any' type.
app/(auth)/[workspaceSlug]/account/smart-assistant/AssistantLibrarySettings.tsx(36,598): error TS7026: JSX element implicitly has type 'any' because no interface 'JSX.IntrinsicElements' exists.
app/(auth)/[workspaceSlug]/account/smart-assistant/AssistantLibrarySettings.tsx(36,603): error TS7026: JSX element implicitly has type 'any' because no interface 'JSX.IntrinsicElements' exists.
app/(auth)/[workspaceSlug]/account/smart-assistant/AssistantLibrarySettings.tsx(36,631): error TS7026: JSX element implicitly has type 'any' because no interface 'JSX.IntrinsicElements' exists.
app/(auth)/[workspaceSlug]/account/smart-assistant/AssistantLibrarySettings.tsx(36,750): error TS7026: JSX element implicitly has type 'any' because no interface 'JSX.IntrinsicElements' exists.
app/(auth)/[workspaceSlug]/account/smart-assistant/AssistantLibrarySettings.tsx(36,758): error TS7026: JSX element implicitly has type 'any' because no interface 'JSX.IntrinsicElements' exists.
app/(auth)/[workspaceSlug]/account/smart-assistant/AssistantLibrarySettings.tsx(36,763): error TS7026: JSX element implicitly has type 'any' because no interface 'JSX.IntrinsicElements' exists.
app/(auth)/[workspaceSlug]/account/smart-assistant/AssistantLibrarySettings.tsx(36,783): error TS7026: JSX element implicitly has type 'any' because no interface 'JSX.IntrinsicElements' exists.
app/(auth)/[workspaceSlug]/account/smart-assistant/AssistantLibrarySettings.tsx(36,863): error TS7006: Parameter 'e' implicitly has an 'any' type.
app/(auth)/[workspaceSlug]/account/smart-assistant/AssistantLibrarySettings.tsx(36,912): error TS7006: Parameter 'x' implicitly has an 'any' type.
app/(auth)/[workspaceSlug]/account/smart-assistant/AssistantLibrarySettings.tsx(36,1027): error TS7026: JSX element implicitly has type 'any' because no interface 'JSX.IntrinsicElements' exists.
app/(auth)/[workspaceSlug]/account/smart-assistant/AssistantLibrarySettings.tsx(36,1054): error TS7026: JSX element implicitly has type 'any' because no interface 'JSX.IntrinsicElements' exists.
app/(auth)/[workspaceSlug]/account/smart-assistant/AssistantLibrarySettings.tsx(36,1080): error TS7006: Parameter 'x' implicitly has an 'any' type.
app/(auth)/[workspaceSlug]/account/smart-assistant/AssistantLibrarySettings.tsx(36,1167): error TS7006: Parameter 'x' implicitly has an 'any' type.
app/(auth)/[workspaceSlug]/account/smart-assistant/AssistantLibrarySettings.tsx(36,1170): error TS7026: JSX element implicitly has type 'any' because no interface 'JSX.IntrinsicElements' exists.
app/(auth)/[workspaceSlug]/account/smart-assistant/AssistantLibrarySettings.tsx(36,1219): error TS7026: JSX element implicitly has type 'any' because no interface 'JSX.IntrinsicElements' exists.
app/(auth)/[workspaceSlug]/account/smart-assistant/AssistantLibrarySettings.tsx(36,1230): error TS7026: JSX element implicitly has type 'any' because no interface 'JSX.IntrinsicElements' exists.
app/(auth)/[workspaceSlug]/account/smart-assistant/AssistantLibrarySettings.tsx(36,1239): error TS7026: JSX element implicitly has type 'any' because no interface 'JSX.IntrinsicElements' exists.
app/(auth)/[workspaceSlug]/account/smart-assistant/AssistantLibrarySettings.tsx(36,1244): error TS7026: JSX element implicitly has type 'any' because no interface 'JSX.IntrinsicElements' exists.
app/(auth)/[workspaceSlug]/account/smart-assistant/AssistantLibrarySettings.tsx(36,1264): error TS7026: JSX element implicitly has type 'any' because no interface 'JSX.IntrinsicElements' exists.
app/(auth)/[workspaceSlug]/account/smart-assistant/AssistantLibrarySettings.tsx(36,1390): error TS7006: Parameter 'e' implicitly has an 'any' type.
app/(auth)/[workspaceSlug]/account/smart-assistant/AssistantLibrarySettings.tsx(36,1439): error TS7006: Parameter 'x' implicitly has an 'any' type.
app/(auth)/[workspaceSlug]/account/smart-assistant/AssistantLibrarySettings.tsx(36,1603): error TS7026: JSX element implicitly has type 'any' because no interface 'JSX.IntrinsicElements' exists.
app/(auth)/[workspaceSlug]/account/smart-assistant/AssistantLibrarySettings.tsx(36,1608): error TS7026: JSX element implicitly has type 'any' because no interface 'JSX.IntrinsicElements' exists.
app/(auth)/[workspaceSlug]/account/smart-assistant/AssistantLibrarySettings.tsx(36,1615): error TS7026: JSX element implicitly has type 'any' because no interface 'JSX.IntrinsicElements' exists.
app/(auth)/[workspaceSlug]/account/smart-assistant/AssistantLibrarySettings.tsx(36,1623): error TS7026: JSX element implicitly has type 'any' because no interface 'JSX.IntrinsicElements' exists.
app/(auth)/[workspaceSlug]/account/smart-assistant/AssistantLibrarySettings.tsx(36,1631): error TS7026: JSX element implicitly has type 'any' because no interface 'JSX.IntrinsicElements' exists.
app/(auth)/[workspaceSlug]/account/smart-assistant/AssistantLibrarySettings.tsx(37,5): error TS7026: JSX element implicitly has type 'any' because no interface 'JSX.IntrinsicElements' exists.
app/(auth)/[workspaceSlug]/account/smart-assistant/AssistantLibrarySettings.tsx(37,268): error TS7006: Parameter 'c' implicitly has an 'any' type.
app/(auth)/[workspaceSlug]/account/smart-assistant/AssistantLibrarySettings.tsx(37,554): error TS7026: JSX element implicitly has type 'any' because no interface 'JSX.IntrinsicElements' exists.
app/(auth)/[workspaceSlug]/account/smart-assistant/AssistantLibrarySettings.tsx(39,3): error TS7026: JSX element implicitly has type 'any' because no interface 'JSX.IntrinsicElements' exists.
app/(auth)/[workspaceSlug]/account/smart-assistant/AssistantLibrarySettings.tsx(40,13): error TS7026: JSX element implicitly has type 'any' because no interface 'JSX.IntrinsicElements' exists.
app/(auth)/[workspaceSlug]/account/smart-assistant/AssistantLibrarySettings.tsx(40,56): error TS7026: JSX element implicitly has type 'any' because no interface 'JSX.IntrinsicElements' exists.
app/(auth)/[workspaceSlug]/account/smart-assistant/AssistantLibrarySettings.tsx(41,2): error TS7026: JSX element implicitly has type 'any' because no interface 'JSX.IntrinsicElements' exists.
app/(auth)/[workspaceSlug]/account/smart-assistant/library-actions.ts(2,32): error TS2307: Cannot find module 'next/cache' or its corresponding type declarations.
app/actions.ts(4,25): error TS2307: Cannot find module 'next/headers' or its corresponding type declarations.
app/actions.ts(7,32): error TS2307: Cannot find module 'next/cache' or its corresponding type declarations.
app/actions.ts(8,26): error TS2307: Cannot find module 'next/navigation' or its corresponding type declarations.
app/api/pwa/push/route.ts(1,30): error TS2307: Cannot find module 'next/server' or its corresponding type declarations.
app/api/pwa/push/route.ts(2,25): error TS2307: Cannot find module 'next/headers' or its corresponding type declarations.
app/assistant/page.tsx(1,26): error TS2307: Cannot find module 'next/navigation' or its corresponding type declarations.
app/assistant/page.tsx(9,34): error TS2345: Argument of type 'string | null' is not assignable to parameter of type 'string | number | boolean'.
app/components/pwa/PushSessionBridge.tsx(2,27): error TS2307: Cannot find module 'react' or its corresponding type declarations.
app/components/pwa/PushSettings.tsx(2,37): error TS2307: Cannot find module 'react' or its corresponding type declarations.
app/components/pwa/PushSettings.tsx(49,14): error TS7006: Parameter 'previous' implicitly has an 'any' type.
app/components/pwa/PushSettings.tsx(59,14): error TS7006: Parameter 'previous' implicitly has an 'any' type.
app/components/pwa/PushSettings.tsx(65,9): error TS7026: JSX element implicitly has type 'any' because no interface 'JSX.IntrinsicElements' exists.
app/components/pwa/PushSettings.tsx(65,9): error TS2875: This JSX tag requires the module path 'react/jsx-runtime' to exist, but none could be found. Make sure you have types for the appropriate package installed.
app/components/pwa/PushSettings.tsx(66,3): error TS7026: JSX element implicitly has type 'any' because no interface 'JSX.IntrinsicElements' exists.
app/components/pwa/PushSettings.tsx(66,53): error TS7026: JSX element implicitly has type 'any' because no interface 'JSX.IntrinsicElements' exists.
app/components/pwa/PushSettings.tsx(67,3): error TS7026: JSX element implicitly has type 'any' because no interface 'JSX.IntrinsicElements' exists.
app/components/pwa/PushSettings.tsx(67,234): error TS7026: JSX element implicitly has type 'any' because no interface 'JSX.IntrinsicElements' exists.
app/components/pwa/PushSettings.tsx(68,15): error TS7026: JSX element implicitly has type 'any' because no interface 'JSX.IntrinsicElements' exists.
app/components/pwa/PushSettings.tsx(68,61): error TS7026: JSX element implicitly has type 'any' because no interface 'JSX.IntrinsicElements' exists.
app/components/pwa/PushSettings.tsx(69,33): error TS7026: JSX element implicitly has type 'any' because no interface 'JSX.IntrinsicElements' exists.
app/components/pwa/PushSettings.tsx(69,113): error TS7026: JSX element implicitly has type 'any' because no interface 'JSX.IntrinsicElements' exists.
app/components/pwa/PushSettings.tsx(70,37): error TS7026: JSX element implicitly has type 'any' because no interface 'JSX.IntrinsicElements' exists.
app/components/pwa/PushSettings.tsx(70,160): error TS7026: JSX element implicitly has type 'any' because no interface 'JSX.IntrinsicElements' exists.
app/components/pwa/PushSettings.tsx(71,36): error TS7026: JSX element implicitly has type 'any' because no interface 'JSX.IntrinsicElements' exists.
app/components/pwa/PushSettings.tsx(71,84): error TS7026: JSX element implicitly has type 'any' because no interface 'JSX.IntrinsicElements' exists.
app/components/pwa/PushSettings.tsx(71,136): error TS7026: JSX element implicitly has type 'any' because no interface 'JSX.IntrinsicElements' exists.
app/components/pwa/PushSettings.tsx(72,4): error TS7026: JSX element implicitly has type 'any' because no interface 'JSX.IntrinsicElements' exists.
app/components/pwa/PushSettings.tsx(72,75): error TS7026: JSX element implicitly has type 'any' because no interface 'JSX.IntrinsicElements' exists.
app/components/pwa/PushSettings.tsx(72,152): error TS7026: JSX element implicitly has type 'any' because no interface 'JSX.IntrinsicElements' exists.
app/components/pwa/PushSettings.tsx(72,225): error TS7006: Parameter 'e' implicitly has an 'any' type.
app/components/pwa/PushSettings.tsx(72,244): error TS7006: Parameter 'current' implicitly has an 'any' type.
app/components/pwa/PushSettings.tsx(72,314): error TS7006: Parameter 'c' implicitly has an 'any' type.
app/components/pwa/PushSettings.tsx(72,348): error TS7026: JSX element implicitly has type 'any' because no interface 'JSX.IntrinsicElements' exists.
app/components/pwa/PushSettings.tsx(72,358): error TS7026: JSX element implicitly has type 'any' because no interface 'JSX.IntrinsicElements' exists.
app/components/pwa/PushSettings.tsx(73,27): error TS7026: JSX element implicitly has type 'any' because no interface 'JSX.IntrinsicElements' exists.
app/components/pwa/PushSettings.tsx(73,101): error TS7026: JSX element implicitly has type 'any' because no interface 'JSX.IntrinsicElements' exists.
app/components/pwa/PushSettings.tsx(74,4): error TS7026: JSX element implicitly has type 'any' because no interface 'JSX.IntrinsicElements' exists.
app/components/pwa/PushSettings.tsx(74,65): error TS7026: JSX element implicitly has type 'any' because no interface 'JSX.IntrinsicElements' exists.
app/components/pwa/PushSettings.tsx(74,177): error TS7026: JSX element implicitly has type 'any' because no interface 'JSX.IntrinsicElements' exists.
app/components/pwa/PushSettings.tsx(74,186): error TS7026: JSX element implicitly has type 'any' because no interface 'JSX.IntrinsicElements' exists.
app/components/pwa/PushSettings.tsx(74,553): error TS7026: JSX element implicitly has type 'any' because no interface 'JSX.IntrinsicElements' exists.
app/components/pwa/PushSettings.tsx(74,568): error TS7026: JSX element implicitly has type 'any' because no interface 'JSX.IntrinsicElements' exists.
app/components/pwa/PushSettings.tsx(74,710): error TS7026: JSX element implicitly has type 'any' because no interface 'JSX.IntrinsicElements' exists.
app/components/pwa/PushSettings.tsx(74,720): error TS7026: JSX element implicitly has type 'any' because no interface 'JSX.IntrinsicElements' exists.
app/components/pwa/PushSettings.tsx(75,13): error TS7026: JSX element implicitly has type 'any' because no interface 'JSX.IntrinsicElements' exists.
app/components/pwa/PushSettings.tsx(75,80): error TS7026: JSX element implicitly has type 'any' because no interface 'JSX.IntrinsicElements' exists.
app/components/pwa/PushSettings.tsx(76,3): error TS7026: JSX element implicitly has type 'any' because no interface 'JSX.IntrinsicElements' exists.
app/components/pwa/PushSettings.tsx(77,2): error TS7026: JSX element implicitly has type 'any' because no interface 'JSX.IntrinsicElements' exists.
app/components/smart-assistant/v2/DraftWorkflowCard.tsx(2,26): error TS2307: Cannot find module 'react' or its corresponding type declarations.
app/components/smart-assistant/v2/DraftWorkflowCard.tsx(6,15): error TS2307: Cannot find module './assistant.module.css' or its corresponding type declarations.
app/components/smart-assistant/v2/DraftWorkflowCard.tsx(10,9): error TS7026: JSX element implicitly has type 'any' because no interface 'JSX.IntrinsicElements' exists.
app/components/smart-assistant/v2/DraftWorkflowCard.tsx(10,9): error TS2875: This JSX tag requires the module path 'react/jsx-runtime' to exist, but none could be found. Make sure you have types for the appropriate package installed.
app/components/smart-assistant/v2/DraftWorkflowCard.tsx(11,3): error TS7026: JSX element implicitly has type 'any' because no interface 'JSX.IntrinsicElements' exists.
app/components/smart-assistant/v2/DraftWorkflowCard.tsx(11,17): error TS7026: JSX element implicitly has type 'any' because no interface 'JSX.IntrinsicElements' exists.
app/components/smart-assistant/v2/DraftWorkflowCard.tsx(11,55): error TS7026: JSX element implicitly has type 'any' because no interface 'JSX.IntrinsicElements' exists.
app/components/smart-assistant/v2/DraftWorkflowCard.tsx(11,65): error TS7026: JSX element implicitly has type 'any' because no interface 'JSX.IntrinsicElements' exists.
app/components/smart-assistant/v2/DraftWorkflowCard.tsx(11,125): error TS7026: JSX element implicitly has type 'any' because no interface 'JSX.IntrinsicElements' exists.
app/components/smart-assistant/v2/DraftWorkflowCard.tsx(11,142): error TS7026: JSX element implicitly has type 'any' because no interface 'JSX.IntrinsicElements' exists.
app/components/smart-assistant/v2/DraftWorkflowCard.tsx(11,148): error TS7026: JSX element implicitly has type 'any' because no interface 'JSX.IntrinsicElements' exists.
app/components/smart-assistant/v2/DraftWorkflowCard.tsx(11,154): error TS7026: JSX element implicitly has type 'any' because no interface 'JSX.IntrinsicElements' exists.
app/components/smart-assistant/v2/DraftWorkflowCard.tsx(12,26): error TS7026: JSX element implicitly has type 'any' because no interface 'JSX.IntrinsicElements' exists.
app/components/smart-assistant/v2/DraftWorkflowCard.tsx(12,71): error TS7026: JSX element implicitly has type 'any' because no interface 'JSX.IntrinsicElements' exists.
app/components/smart-assistant/v2/DraftWorkflowCard.tsx(12,91): error TS7026: JSX element implicitly has type 'any' because no interface 'JSX.IntrinsicElements' exists.
app/components/smart-assistant/v2/DraftWorkflowCard.tsx(12,127): error TS7026: JSX element implicitly has type 'any' because no interface 'JSX.IntrinsicElements' exists.
app/components/smart-assistant/v2/DraftWorkflowCard.tsx(12,144): error TS7026: JSX element implicitly has type 'any' because no interface 'JSX.IntrinsicElements' exists.
app/components/smart-assistant/v2/DraftWorkflowCard.tsx(12,150): error TS7026: JSX element implicitly has type 'any' because no interface 'JSX.IntrinsicElements' exists.
app/components/smart-assistant/v2/DraftWorkflowCard.tsx(13,26): error TS7026: JSX element implicitly has type 'any' because no interface 'JSX.IntrinsicElements' exists.
app/components/smart-assistant/v2/DraftWorkflowCard.tsx(14,5): error TS7026: JSX element implicitly has type 'any' because no interface 'JSX.IntrinsicElements' exists.
app/components/smart-assistant/v2/DraftWorkflowCard.tsx(14,22): error TS7026: JSX element implicitly has type 'any' because no interface 'JSX.IntrinsicElements' exists.
app/components/smart-assistant/v2/DraftWorkflowCard.tsx(15,23): error TS7026: JSX element implicitly has type 'any' because no interface 'JSX.IntrinsicElements' exists.
app/components/smart-assistant/v2/DraftWorkflowCard.tsx(16,7): error TS7026: JSX element implicitly has type 'any' because no interface 'JSX.IntrinsicElements' exists.
app/components/smart-assistant/v2/DraftWorkflowCard.tsx(16,150): error TS7006: Parameter 'p' implicitly has an 'any' type.
app/components/smart-assistant/v2/DraftWorkflowCard.tsx(17,7): error TS7026: JSX element implicitly has type 'any' because no interface 'JSX.IntrinsicElements' exists.
app/components/smart-assistant/v2/DraftWorkflowCard.tsx(17,13): error TS7026: JSX element implicitly has type 'any' because no interface 'JSX.IntrinsicElements' exists.
app/components/smart-assistant/v2/DraftWorkflowCard.tsx(17,30): error TS7026: JSX element implicitly has type 'any' because no interface 'JSX.IntrinsicElements' exists.
app/components/smart-assistant/v2/DraftWorkflowCard.tsx(17,50): error TS7026: JSX element implicitly has type 'any' because no interface 'JSX.IntrinsicElements' exists.
app/components/smart-assistant/v2/DraftWorkflowCard.tsx(17,67): error TS7026: JSX element implicitly has type 'any' because no interface 'JSX.IntrinsicElements' exists.
app/components/smart-assistant/v2/DraftWorkflowCard.tsx(17,76): error TS7026: JSX element implicitly has type 'any' because no interface 'JSX.IntrinsicElements' exists.
app/components/smart-assistant/v2/DraftWorkflowCard.tsx(18,5): error TS7026: JSX element implicitly has type 'any' because no interface 'JSX.IntrinsicElements' exists.
app/components/smart-assistant/v2/DraftWorkflowCard.tsx(19,3): error TS7026: JSX element implicitly has type 'any' because no interface 'JSX.IntrinsicElements' exists.
app/components/smart-assistant/v2/DraftWorkflowCard.tsx(20,27): error TS7026: JSX element implicitly has type 'any' because no interface 'JSX.IntrinsicElements' exists.
app/components/smart-assistant/v2/DraftWorkflowCard.tsx(20,101): error TS7026: JSX element implicitly has type 'any' because no interface 'JSX.IntrinsicElements' exists.
app/components/smart-assistant/v2/DraftWorkflowCard.tsx(21,3): error TS7026: JSX element implicitly has type 'any' because no interface 'JSX.IntrinsicElements' exists.
app/components/smart-assistant/v2/DraftWorkflowCard.tsx(25,3): error TS7026: JSX element implicitly has type 'any' because no interface 'JSX.IntrinsicElements' exists.
app/components/smart-assistant/v2/DraftWorkflowCard.tsx(26,3): error TS7026: JSX element implicitly has type 'any' because no interface 'JSX.IntrinsicElements' exists.
app/components/smart-assistant/v2/DraftWorkflowCard.tsx(26,232): error TS7026: JSX element implicitly has type 'any' because no interface 'JSX.IntrinsicElements' exists.
app/components/smart-assistant/v2/DraftWorkflowCard.tsx(27,2): error TS7026: JSX element implicitly has type 'any' because no interface 'JSX.IntrinsicElements' exists.
app/components/smart-assistant/v2/V2ChatClient.tsx(3,58): error TS2307: Cannot find module 'react' or its corresponding type declarations.
app/components/smart-assistant/v2/V2ChatClient.tsx(4,40): error TS2307: Cannot find module 'next/navigation' or its corresponding type declarations.
app/components/smart-assistant/v2/V2ChatClient.tsx(28,15): error TS2307: Cannot find module './assistant.module.css' or its corresponding type declarations.
app/components/smart-assistant/v2/V2ChatClient.tsx(138,36): error TS7006: Parameter 'url' implicitly has an 'any' type.
app/components/smart-assistant/v2/V2ChatClient.tsx(147,20): error TS7006: Parameter 'url' implicitly has an 'any' type.
app/components/smart-assistant/v2/V2ChatClient.tsx(182,20): error TS7006: Parameter 'prev' implicitly has an 'any' type.
app/components/smart-assistant/v2/V2ChatClient.tsx(210,18): error TS7006: Parameter 'value' implicitly has an 'any' type.
app/components/smart-assistant/v2/V2ChatClient.tsx(339,24): error TS7006: Parameter 'p' implicitly has an 'any' type.
app/components/smart-assistant/v2/V2ChatClient.tsx(400,94): error TS7006: Parameter 'prev' implicitly has an 'any' type.
app/components/smart-assistant/v2/V2ChatClient.tsx(433,18): error TS7006: Parameter 'value' implicitly has an 'any' type.
app/components/smart-assistant/v2/V2ChatClient.tsx(443,37): error TS7006: Parameter 'c' implicitly has an 'any' type.
app/components/smart-assistant/v2/V2ChatClient.tsx(448,40): error TS7006: Parameter 'r' implicitly has an 'any' type.
app/components/smart-assistant/v2/V2ChatClient.tsx(481,40): error TS7006: Parameter 'a' implicitly has an 'any' type.
app/components/smart-assistant/v2/V2ChatClient.tsx(482,37): error TS7006: Parameter 'c' implicitly has an 'any' type.
app/components/smart-assistant/v2/V2ChatClient.tsx(520,14): error TS7006: Parameter 'value' implicitly has an 'any' type.
app/components/smart-assistant/v2/V2ChatClient.tsx(526,48): error TS7006: Parameter 'm' implicitly has an 'any' type.
app/components/smart-assistant/v2/V2ChatClient.tsx(527,162): error TS7006: Parameter 'newer' implicitly has an 'any' type.
app/components/smart-assistant/v2/V2ChatClient.tsx(533,82): error TS7006: Parameter 'c' implicitly has an 'any' type.
app/components/smart-assistant/v2/V2ChatClient.tsx(534,53): error TS7006: Parameter 'm' implicitly has an 'any' type.
app/components/smart-assistant/v2/V2ChatClient.tsx(534,86): error TS7006: Parameter 'm' implicitly has an 'any' type.
app/components/smart-assistant/v2/V2ChatClient.tsx(535,59): error TS7006: Parameter 'c' implicitly has an 'any' type.
app/components/smart-assistant/v2/V2ChatClient.tsx(544,35): error TS7006: Parameter 'a' implicitly has an 'any' type.
app/components/smart-assistant/v2/V2ChatClient.tsx(546,20): error TS7006: Parameter 'prev' implicitly has an 'any' type.
app/components/smart-assistant/v2/V2ChatClient.tsx(546,40): error TS7006: Parameter 'a' implicitly has an 'any' type.
app/components/smart-assistant/v2/V2ChatClient.tsx(551,10): error TS7026: JSX element implicitly has type 'any' because no interface 'JSX.IntrinsicElements' exists.
app/components/smart-assistant/v2/V2ChatClient.tsx(551,10): error TS2875: This JSX tag requires the module path 'react/jsx-runtime' to exist, but none could be found. Make sure you have types for the appropriate package installed.
app/components/smart-assistant/v2/V2ChatClient.tsx(552,5): error TS7026: JSX element implicitly has type 'any' because no interface 'JSX.IntrinsicElements' exists.
app/components/smart-assistant/v2/V2ChatClient.tsx(553,7): error TS7026: JSX element implicitly has type 'any' because no interface 'JSX.IntrinsicElements' exists.
app/components/smart-assistant/v2/V2ChatClient.tsx(555,11): error TS7026: JSX element implicitly has type 'any' because no interface 'JSX.IntrinsicElements' exists.
app/components/smart-assistant/v2/V2ChatClient.tsx(557,9): error TS7026: JSX element implicitly has type 'any' because no interface 'JSX.IntrinsicElements' exists.
app/components/smart-assistant/v2/V2ChatClient.tsx(557,39): error TS7026: JSX element implicitly has type 'any' because no interface 'JSX.IntrinsicElements' exists.
app/components/smart-assistant/v2/V2ChatClient.tsx(557,79): error TS7026: JSX element implicitly has type 'any' because no interface 'JSX.IntrinsicElements' exists.
app/components/smart-assistant/v2/V2ChatClient.tsx(557,84): error TS7026: JSX element implicitly has type 'any' because no interface 'JSX.IntrinsicElements' exists.
app/components/smart-assistant/v2/V2ChatClient.tsx(557,116): error TS7026: JSX element implicitly has type 'any' because no interface 'JSX.IntrinsicElements' exists.
app/components/smart-assistant/v2/V2ChatClient.tsx(557,120): error TS7026: JSX element implicitly has type 'any' because no interface 'JSX.IntrinsicElements' exists.
app/components/smart-assistant/v2/V2ChatClient.tsx(561,115): error TS7026: JSX element implicitly has type 'any' because no interface 'JSX.IntrinsicElements' exists.
app/components/smart-assistant/v2/V2ChatClient.tsx(561,125): error TS7026: JSX element implicitly has type 'any' because no interface 'JSX.IntrinsicElements' exists.
app/components/smart-assistant/v2/V2ChatClient.tsx(562,7): error TS7026: JSX element implicitly has type 'any' because no interface 'JSX.IntrinsicElements' exists.
app/components/smart-assistant/v2/V2ChatClient.tsx(564,7): error TS7026: JSX element implicitly has type 'any' because no interface 'JSX.IntrinsicElements' exists.
app/components/smart-assistant/v2/V2ChatClient.tsx(565,9): error TS7026: JSX element implicitly has type 'any' because no interface 'JSX.IntrinsicElements' exists.
app/components/smart-assistant/v2/V2ChatClient.tsx(566,28): error TS7026: JSX element implicitly has type 'any' because no interface 'JSX.IntrinsicElements' exists.
app/components/smart-assistant/v2/V2ChatClient.tsx(567,13): error TS7026: JSX element implicitly has type 'any' because no interface 'JSX.IntrinsicElements' exists.
app/components/smart-assistant/v2/V2ChatClient.tsx(567,74): error TS7026: JSX element implicitly has type 'any' because no interface 'JSX.IntrinsicElements' exists.
app/components/smart-assistant/v2/V2ChatClient.tsx(568,13): error TS7026: JSX element implicitly has type 'any' because no interface 'JSX.IntrinsicElements' exists.
app/components/smart-assistant/v2/V2ChatClient.tsx(568,51): error TS7026: JSX element implicitly has type 'any' because no interface 'JSX.IntrinsicElements' exists.
app/components/smart-assistant/v2/V2ChatClient.tsx(568,104): error TS7026: JSX element implicitly has type 'any' because no interface 'JSX.IntrinsicElements' exists.
app/components/smart-assistant/v2/V2ChatClient.tsx(568,128): error TS7026: JSX element implicitly has type 'any' because no interface 'JSX.IntrinsicElements' exists.
app/components/smart-assistant/v2/V2ChatClient.tsx(569,13): error TS7026: JSX element implicitly has type 'any' because no interface 'JSX.IntrinsicElements' exists.
app/components/smart-assistant/v2/V2ChatClient.tsx(569,104): error TS7026: JSX element implicitly has type 'any' because no interface 'JSX.IntrinsicElements' exists.
app/components/smart-assistant/v2/V2ChatClient.tsx(571,9): error TS7026: JSX element implicitly has type 'any' because no interface 'JSX.IntrinsicElements' exists.
app/components/smart-assistant/v2/V2ChatClient.tsx(573,9): error TS7026: JSX element implicitly has type 'any' because no interface 'JSX.IntrinsicElements' exists.
app/components/smart-assistant/v2/V2ChatClient.tsx(575,7): error TS7026: JSX element implicitly has type 'any' because no interface 'JSX.IntrinsicElements' exists.
app/components/smart-assistant/v2/V2ChatClient.tsx(576,174): error TS7026: JSX element implicitly has type 'any' because no interface 'JSX.IntrinsicElements' exists.
app/components/smart-assistant/v2/V2ChatClient.tsx(576,194): error TS7026: JSX element implicitly has type 'any' because no interface 'JSX.IntrinsicElements' exists.
app/components/smart-assistant/v2/V2ChatClient.tsx(577,190): error TS7026: JSX element implicitly has type 'any' because no interface 'JSX.IntrinsicElements' exists.
app/components/smart-assistant/v2/V2ChatClient.tsx(577,216): error TS7026: JSX element implicitly has type 'any' because no interface 'JSX.IntrinsicElements' exists.
app/components/smart-assistant/v2/V2ChatClient.tsx(578,166): error TS7026: JSX element implicitly has type 'any' because no interface 'JSX.IntrinsicElements' exists.
app/components/smart-assistant/v2/V2ChatClient.tsx(578,193): error TS7026: JSX element implicitly has type 'any' because no interface 'JSX.IntrinsicElements' exists.
app/components/smart-assistant/v2/V2ChatClient.tsx(579,13): error TS7026: JSX element implicitly has type 'any' because no interface 'JSX.IntrinsicElements' exists.
app/components/smart-assistant/v2/V2ChatClient.tsx(580,37): error TS7026: JSX element implicitly has type 'any' because no interface 'JSX.IntrinsicElements' exists.
app/components/smart-assistant/v2/V2ChatClient.tsx(580,117): error TS7026: JSX element implicitly has type 'any' because no interface 'JSX.IntrinsicElements' exists.
app/components/smart-assistant/v2/V2ChatClient.tsx(581,11): error TS7026: JSX element implicitly has type 'any' because no interface 'JSX.IntrinsicElements' exists.
app/components/smart-assistant/v2/V2ChatClient.tsx(583,35): error TS7006: Parameter 'm' implicitly has an 'any' type.
app/components/smart-assistant/v2/V2ChatClient.tsx(583,40): error TS7026: JSX element implicitly has type 'any' because no interface 'JSX.IntrinsicElements' exists.
app/components/smart-assistant/v2/V2ChatClient.tsx(584,13): error TS7026: JSX element implicitly has type 'any' because no interface 'JSX.IntrinsicElements' exists.
app/components/smart-assistant/v2/V2ChatClient.tsx(585,42): error TS7026: JSX element implicitly has type 'any' because no interface 'JSX.IntrinsicElements' exists.
app/components/smart-assistant/v2/V2ChatClient.tsx(585,78): error TS7026: JSX element implicitly has type 'any' because no interface 'JSX.IntrinsicElements' exists.
app/components/smart-assistant/v2/V2ChatClient.tsx(585,120): error TS7026: JSX element implicitly has type 'any' because no interface 'JSX.IntrinsicElements' exists.
app/components/smart-assistant/v2/V2ChatClient.tsx(585,409): error TS7026: JSX element implicitly has type 'any' because no interface 'JSX.IntrinsicElements' exists.
app/components/smart-assistant/v2/V2ChatClient.tsx(587,13): error TS7026: JSX element implicitly has type 'any' because no interface 'JSX.IntrinsicElements' exists.
app/components/smart-assistant/v2/V2ChatClient.tsx(588,44): error TS7026: JSX element implicitly has type 'any' because no interface 'JSX.IntrinsicElements' exists.
app/components/smart-assistant/v2/V2ChatClient.tsx(589,44): error TS7026: JSX element implicitly has type 'any' because no interface 'JSX.IntrinsicElements' exists.
app/components/smart-assistant/v2/V2ChatClient.tsx(589,49): error TS7026: JSX element implicitly has type 'any' because no interface 'JSX.IntrinsicElements' exists.
app/components/smart-assistant/v2/V2ChatClient.tsx(589,86): error TS7026: JSX element implicitly has type 'any' because no interface 'JSX.IntrinsicElements' exists.
app/components/smart-assistant/v2/V2ChatClient.tsx(590,203): error TS7026: JSX element implicitly has type 'any' because no interface 'JSX.IntrinsicElements' exists.
app/components/smart-assistant/v2/V2ChatClient.tsx(591,13): error TS7026: JSX element implicitly has type 'any' because no interface 'JSX.IntrinsicElements' exists.
app/components/smart-assistant/v2/V2ChatClient.tsx(596,11): error TS7026: JSX element implicitly has type 'any' because no interface 'JSX.IntrinsicElements' exists.
app/components/smart-assistant/v2/V2ChatClient.tsx(598,26): error TS7026: JSX element implicitly has type 'any' because no interface 'JSX.IntrinsicElements' exists.
app/components/smart-assistant/v2/V2ChatClient.tsx(599,13): error TS7026: JSX element implicitly has type 'any' because no interface 'JSX.IntrinsicElements' exists.
app/components/smart-assistant/v2/V2ChatClient.tsx(600,15): error TS7026: JSX element implicitly has type 'any' because no interface 'JSX.IntrinsicElements' exists.
app/components/smart-assistant/v2/V2ChatClient.tsx(600,51): error TS7026: JSX element implicitly has type 'any' because no interface 'JSX.IntrinsicElements' exists.
app/components/smart-assistant/v2/V2ChatClient.tsx(600,93): error TS7026: JSX element implicitly has type 'any' because no interface 'JSX.IntrinsicElements' exists.
app/components/smart-assistant/v2/V2ChatClient.tsx(600,100): error TS7026: JSX element implicitly has type 'any' because no interface 'JSX.IntrinsicElements' exists.
app/components/smart-assistant/v2/V2ChatClient.tsx(602,13): error TS7026: JSX element implicitly has type 'any' because no interface 'JSX.IntrinsicElements' exists.
app/components/smart-assistant/v2/V2ChatClient.tsx(603,11): error TS7026: JSX element implicitly has type 'any' because no interface 'JSX.IntrinsicElements' exists.
app/components/smart-assistant/v2/V2ChatClient.tsx(604,20): error TS7026: JSX element implicitly has type 'any' because no interface 'JSX.IntrinsicElements' exists.
app/components/smart-assistant/v2/V2ChatClient.tsx(605,41): error TS7026: JSX element implicitly has type 'any' because no interface 'JSX.IntrinsicElements' exists.
app/components/smart-assistant/v2/V2ChatClient.tsx(605,147): error TS7026: JSX element implicitly has type 'any' because no interface 'JSX.IntrinsicElements' exists.
app/components/smart-assistant/v2/V2ChatClient.tsx(609,11): error TS7026: JSX element implicitly has type 'any' because no interface 'JSX.IntrinsicElements' exists.
app/components/smart-assistant/v2/V2ChatClient.tsx(610,71): error TS7026: JSX element implicitly has type 'any' because no interface 'JSX.IntrinsicElements' exists.
app/components/smart-assistant/v2/V2ChatClient.tsx(610,141): error TS7026: JSX element implicitly has type 'any' because no interface 'JSX.IntrinsicElements' exists.
app/components/smart-assistant/v2/V2ChatClient.tsx(610,146): error TS7026: JSX element implicitly has type 'any' because no interface 'JSX.IntrinsicElements' exists.
app/components/smart-assistant/v2/V2ChatClient.tsx(610,197): error TS7026: JSX element implicitly has type 'any' because no interface 'JSX.IntrinsicElements' exists.
app/components/smart-assistant/v2/V2ChatClient.tsx(610,317): error TS7026: JSX element implicitly has type 'any' because no interface 'JSX.IntrinsicElements' exists.
app/components/smart-assistant/v2/V2ChatClient.tsx(610,323): error TS7026: JSX element implicitly has type 'any' because no interface 'JSX.IntrinsicElements' exists.
app/components/smart-assistant/v2/V2ChatClient.tsx(611,47): error TS7026: JSX element implicitly has type 'any' because no interface 'JSX.IntrinsicElements' exists.
app/components/smart-assistant/v2/V2ChatClient.tsx(611,107): error TS7026: JSX element implicitly has type 'any' because no interface 'JSX.IntrinsicElements' exists.
app/components/smart-assistant/v2/V2ChatClient.tsx(611,137): error TS7026: JSX element implicitly has type 'any' because no interface 'JSX.IntrinsicElements' exists.
app/components/smart-assistant/v2/V2ChatClient.tsx(611,144): error TS7026: JSX element implicitly has type 'any' because no interface 'JSX.IntrinsicElements' exists.
app/components/smart-assistant/v2/V2ChatClient.tsx(612,11): error TS7026: JSX element implicitly has type 'any' because no interface 'JSX.IntrinsicElements' exists.
app/components/smart-assistant/v2/V2ChatClient.tsx(613,9): error TS7026: JSX element implicitly has type 'any' because no interface 'JSX.IntrinsicElements' exists.
app/components/smart-assistant/v2/V2ChatClient.tsx(614,7): error TS7026: JSX element implicitly has type 'any' because no interface 'JSX.IntrinsicElements' exists.
app/components/smart-assistant/v2/V2ChatClient.tsx(616,7): error TS7026: JSX element implicitly has type 'any' because no interface 'JSX.IntrinsicElements' exists.
app/components/smart-assistant/v2/V2ChatClient.tsx(617,20): error TS7026: JSX element implicitly has type 'any' because no interface 'JSX.IntrinsicElements' exists.
app/components/smart-assistant/v2/V2ChatClient.tsx(617,88): error TS7026: JSX element implicitly has type 'any' because no interface 'JSX.IntrinsicElements' exists.
app/components/smart-assistant/v2/V2ChatClient.tsx(617,102): error TS7026: JSX element implicitly has type 'any' because no interface 'JSX.IntrinsicElements' exists.
app/components/smart-assistant/v2/V2ChatClient.tsx(617,364): error TS7026: JSX element implicitly has type 'any' because no interface 'JSX.IntrinsicElements' exists.
app/components/smart-assistant/v2/V2ChatClient.tsx(618,36): error TS7026: JSX element implicitly has type 'any' because no interface 'JSX.IntrinsicElements' exists.
app/components/smart-assistant/v2/V2ChatClient.tsx(619,42): error TS7026: JSX element implicitly has type 'any' because no interface 'JSX.IntrinsicElements' exists.
app/components/smart-assistant/v2/V2ChatClient.tsx(619,74): error TS7026: JSX element implicitly has type 'any' because no interface 'JSX.IntrinsicElements' exists.
app/components/smart-assistant/v2/V2ChatClient.tsx(619,241): error TS7026: JSX element implicitly has type 'any' because no interface 'JSX.IntrinsicElements' exists.
app/components/smart-assistant/v2/V2ChatClient.tsx(619,250): error TS7026: JSX element implicitly has type 'any' because no interface 'JSX.IntrinsicElements' exists.
app/components/smart-assistant/v2/V2ChatClient.tsx(619,318): error TS7026: JSX element implicitly has type 'any' because no interface 'JSX.IntrinsicElements' exists.
app/components/smart-assistant/v2/V2ChatClient.tsx(619,325): error TS7026: JSX element implicitly has type 'any' because no interface 'JSX.IntrinsicElements' exists.
app/components/smart-assistant/v2/V2ChatClient.tsx(622,9): error TS7026: JSX element implicitly has type 'any' because no interface 'JSX.IntrinsicElements' exists.
app/components/smart-assistant/v2/V2ChatClient.tsx(625,71): error TS7026: JSX element implicitly has type 'any' because no interface 'JSX.IntrinsicElements' exists.
app/components/smart-assistant/v2/V2ChatClient.tsx(626,11): error TS7026: JSX element implicitly has type 'any' because no interface 'JSX.IntrinsicElements' exists.
app/components/smart-assistant/v2/V2ChatClient.tsx(626,47): error TS7026: JSX element implicitly has type 'any' because no interface 'JSX.IntrinsicElements' exists.
app/components/smart-assistant/v2/V2ChatClient.tsx(626,115): error TS7026: JSX element implicitly has type 'any' because no interface 'JSX.IntrinsicElements' exists.
app/components/smart-assistant/v2/V2ChatClient.tsx(626,242): error TS7026: JSX element implicitly has type 'any' because no interface 'JSX.IntrinsicElements' exists.
app/components/smart-assistant/v2/V2ChatClient.tsx(627,11): error TS7026: JSX element implicitly has type 'any' because no interface 'JSX.IntrinsicElements' exists.
app/components/smart-assistant/v2/V2ChatClient.tsx(627,21): error TS7026: JSX element implicitly has type 'any' because no interface 'JSX.IntrinsicElements' exists.
app/components/smart-assistant/v2/V2ChatClient.tsx(627,25): error TS7026: JSX element implicitly has type 'any' because no interface 'JSX.IntrinsicElements' exists.
app/components/smart-assistant/v2/V2ChatClient.tsx(627,298): error TS7026: JSX element implicitly has type 'any' because no interface 'JSX.IntrinsicElements' exists.
app/components/smart-assistant/v2/V2ChatClient.tsx(628,9): error TS7026: JSX element implicitly has type 'any' because no interface 'JSX.IntrinsicElements' exists.
app/components/smart-assistant/v2/V2ChatClient.tsx(630,9): error TS7026: JSX element implicitly has type 'any' because no interface 'JSX.IntrinsicElements' exists.
app/components/smart-assistant/v2/V2ChatClient.tsx(631,38): error TS7026: JSX element implicitly has type 'any' because no interface 'JSX.IntrinsicElements' exists.
app/components/smart-assistant/v2/V2ChatClient.tsx(632,13): error TS7026: JSX element implicitly has type 'any' because no interface 'JSX.IntrinsicElements' exists.
app/components/smart-assistant/v2/V2ChatClient.tsx(632,64): error TS7006: Parameter 'item' implicitly has an 'any' type.
app/components/smart-assistant/v2/V2ChatClient.tsx(632,72): error TS7026: JSX element implicitly has type 'any' because no interface 'JSX.IntrinsicElements' exists.
app/components/smart-assistant/v2/V2ChatClient.tsx(633,34): error TS7026: JSX element implicitly has type 'any' because no interface 'JSX.IntrinsicElements' exists.
app/components/smart-assistant/v2/V2ChatClient.tsx(634,15): error TS7026: JSX element implicitly has type 'any' because no interface 'JSX.IntrinsicElements' exists.
app/components/smart-assistant/v2/V2ChatClient.tsx(634,21): error TS7026: JSX element implicitly has type 'any' because no interface 'JSX.IntrinsicElements' exists.
app/components/smart-assistant/v2/V2ChatClient.tsx(634,45): error TS7026: JSX element implicitly has type 'any' because no interface 'JSX.IntrinsicElements' exists.
app/components/smart-assistant/v2/V2ChatClient.tsx(634,54): error TS7026: JSX element implicitly has type 'any' because no interface 'JSX.IntrinsicElements' exists.
app/components/smart-assistant/v2/V2ChatClient.tsx(634,90): error TS7026: JSX element implicitly has type 'any' because no interface 'JSX.IntrinsicElements' exists.
app/components/smart-assistant/v2/V2ChatClient.tsx(634,98): error TS7026: JSX element implicitly has type 'any' because no interface 'JSX.IntrinsicElements' exists.
app/components/smart-assistant/v2/V2ChatClient.tsx(636,13): error TS7026: JSX element implicitly has type 'any' because no interface 'JSX.IntrinsicElements' exists.
app/components/smart-assistant/v2/V2ChatClient.tsx(636,21): error TS7026: JSX element implicitly has type 'any' because no interface 'JSX.IntrinsicElements' exists.
app/components/smart-assistant/v2/V2ChatClient.tsx(637,13): error TS7026: JSX element implicitly has type 'any' because no interface 'JSX.IntrinsicElements' exists.
app/components/smart-assistant/v2/V2ChatClient.tsx(637,73): error TS7026: JSX element implicitly has type 'any' because no interface 'JSX.IntrinsicElements' exists.
app/components/smart-assistant/v2/V2ChatClient.tsx(638,11): error TS7026: JSX element implicitly has type 'any' because no interface 'JSX.IntrinsicElements' exists.
app/components/smart-assistant/v2/V2ChatClient.tsx(639,31): error TS7026: JSX element implicitly has type 'any' because no interface 'JSX.IntrinsicElements' exists.
app/components/smart-assistant/v2/V2ChatClient.tsx(640,13): error TS7026: JSX element implicitly has type 'any' because no interface 'JSX.IntrinsicElements' exists.
app/components/smart-assistant/v2/V2ChatClient.tsx(640,234): error TS7006: Parameter 'e' implicitly has an 'any' type.
app/components/smart-assistant/v2/V2ChatClient.tsx(640,305): error TS7006: Parameter 'e' implicitly has an 'any' type.
app/components/smart-assistant/v2/V2ChatClient.tsx(644,11): error TS7026: JSX element implicitly has type 'any' because no interface 'JSX.IntrinsicElements' exists.
app/components/smart-assistant/v2/V2ChatClient.tsx(645,11): error TS7026: JSX element implicitly has type 'any' because no interface 'JSX.IntrinsicElements' exists.
app/components/smart-assistant/v2/V2ChatClient.tsx(646,152): error TS7026: JSX element implicitly has type 'any' because no interface 'JSX.IntrinsicElements' exists.
app/components/smart-assistant/v2/V2ChatClient.tsx(646,162): error TS7026: JSX element implicitly has type 'any' because no interface 'JSX.IntrinsicElements' exists.
app/components/smart-assistant/v2/V2ChatClient.tsx(647,143): error TS7026: JSX element implicitly has type 'any' because no interface 'JSX.IntrinsicElements' exists.
app/components/smart-assistant/v2/V2ChatClient.tsx(647,154): error TS7026: JSX element implicitly has type 'any' because no interface 'JSX.IntrinsicElements' exists.
app/components/smart-assistant/v2/V2ChatClient.tsx(648,202): error TS7026: JSX element implicitly has type 'any' because no interface 'JSX.IntrinsicElements' exists.
app/components/smart-assistant/v2/V2ChatClient.tsx(648,214): error TS7026: JSX element implicitly has type 'any' because no interface 'JSX.IntrinsicElements' exists.
app/components/smart-assistant/v2/V2ChatClient.tsx(649,11): error TS7026: JSX element implicitly has type 'any' because no interface 'JSX.IntrinsicElements' exists.
app/components/smart-assistant/v2/V2ChatClient.tsx(650,9): error TS7026: JSX element implicitly has type 'any' because no interface 'JSX.IntrinsicElements' exists.
app/components/smart-assistant/v2/V2ChatClient.tsx(651,7): error TS7026: JSX element implicitly has type 'any' because no interface 'JSX.IntrinsicElements' exists.
app/components/smart-assistant/v2/V2ChatClient.tsx(652,5): error TS7026: JSX element implicitly has type 'any' because no interface 'JSX.IntrinsicElements' exists.
app/components/smart-assistant/v2/V2ChatClient.tsx(656,9): error TS7026: JSX element implicitly has type 'any' because no interface 'JSX.IntrinsicElements' exists.
app/components/smart-assistant/v2/V2ChatClient.tsx(659,9): error TS7026: JSX element implicitly has type 'any' because no interface 'JSX.IntrinsicElements' exists.
app/components/smart-assistant/v2/V2ChatClient.tsx(660,9): error TS7026: JSX element implicitly has type 'any' because no interface 'JSX.IntrinsicElements' exists.
app/components/smart-assistant/v2/V2ChatClient.tsx(661,11): error TS7026: JSX element implicitly has type 'any' because no interface 'JSX.IntrinsicElements' exists.
app/components/smart-assistant/v2/V2ChatClient.tsx(661,73): error TS7026: JSX element implicitly has type 'any' because no interface 'JSX.IntrinsicElements' exists.
app/components/smart-assistant/v2/V2ChatClient.tsx(663,11): error TS7026: JSX element implicitly has type 'any' because no interface 'JSX.IntrinsicElements' exists.
app/components/smart-assistant/v2/V2ChatClient.tsx(663,145): error TS7006: Parameter 'e' implicitly has an 'any' type.
app/components/smart-assistant/v2/V2ChatClient.tsx(664,13): error TS7026: JSX element implicitly has type 'any' because no interface 'JSX.IntrinsicElements' exists.
app/components/smart-assistant/v2/V2ChatClient.tsx(664,50): error TS7026: JSX element implicitly has type 'any' because no interface 'JSX.IntrinsicElements' exists.
app/components/smart-assistant/v2/V2ChatClient.tsx(664,78): error TS7006: Parameter 'v' implicitly has an 'any' type.
app/components/smart-assistant/v2/V2ChatClient.tsx(664,83): error TS7026: JSX element implicitly has type 'any' because no interface 'JSX.IntrinsicElements' exists.
app/components/smart-assistant/v2/V2ChatClient.tsx(664,161): error TS7026: JSX element implicitly has type 'any' because no interface 'JSX.IntrinsicElements' exists.
app/components/smart-assistant/v2/V2ChatClient.tsx(665,11): error TS7026: JSX element implicitly has type 'any' because no interface 'JSX.IntrinsicElements' exists.
app/components/smart-assistant/v2/V2ChatClient.tsx(666,11): error TS7026: JSX element implicitly has type 'any' because no interface 'JSX.IntrinsicElements' exists.
app/components/smart-assistant/v2/V2ChatClient.tsx(667,13): error TS7026: JSX element implicitly has type 'any' because no interface 'JSX.IntrinsicElements' exists.
app/components/smart-assistant/v2/V2ChatClient.tsx(667,81): error TS7026: JSX element implicitly has type 'any' because no interface 'JSX.IntrinsicElements' exists.
app/components/smart-assistant/v2/V2ChatClient.tsx(669,11): error TS7026: JSX element implicitly has type 'any' because no interface 'JSX.IntrinsicElements' exists.
app/components/smart-assistant/v2/V2ChatClient.tsx(670,37): error TS7026: JSX element implicitly has type 'any' because no interface 'JSX.IntrinsicElements' exists.
app/components/smart-assistant/v2/V2ChatClient.tsx(670,158): error TS7006: Parameter 'e' implicitly has an 'any' type.
app/components/smart-assistant/v2/V2ChatClient.tsx(671,44): error TS7026: JSX element implicitly has type 'any' because no interface 'JSX.IntrinsicElements' exists.
app/components/smart-assistant/v2/V2ChatClient.tsx(671,85): error TS7026: JSX element implicitly has type 'any' because no interface 'JSX.IntrinsicElements' exists.
app/components/smart-assistant/v2/V2ChatClient.tsx(672,11): error TS7026: JSX element implicitly has type 'any' because no interface 'JSX.IntrinsicElements' exists.
app/components/smart-assistant/v2/V2ChatClient.tsx(673,11): error TS7026: JSX element implicitly has type 'any' because no interface 'JSX.IntrinsicElements' exists.
app/components/smart-assistant/v2/V2ChatClient.tsx(673,387): error TS7026: JSX element implicitly has type 'any' because no interface 'JSX.IntrinsicElements' exists.
app/components/smart-assistant/v2/V2ChatClient.tsx(674,9): error TS7026: JSX element implicitly has type 'any' because no interface 'JSX.IntrinsicElements' exists.
app/components/smart-assistant/v2/V2ChatClient.tsx(675,9): error TS7026: JSX element implicitly has type 'any' because no interface 'JSX.IntrinsicElements' exists.
app/components/smart-assistant/v2/V2ChatClient.tsx(675,60): error TS7026: JSX element implicitly has type 'any' because no interface 'JSX.IntrinsicElements' exists.
app/components/smart-assistant/v2/V2ChatClient.tsx(676,9): error TS7026: JSX element implicitly has type 'any' because no interface 'JSX.IntrinsicElements' exists.
app/components/smart-assistant/v2/V2ChatClient.tsx(676,77): error TS7006: Parameter 'c' implicitly has an 'any' type.
app/components/smart-assistant/v2/V2ChatClient.tsx(676,328): error TS7026: JSX element implicitly has type 'any' because no interface 'JSX.IntrinsicElements' exists.
app/components/smart-assistant/v2/V2ChatClient.tsx(676,414): error TS7026: JSX element implicitly has type 'any' because no interface 'JSX.IntrinsicElements' exists.
app/components/smart-assistant/v2/V2ChatClient.tsx(676,465): error TS7026: JSX element implicitly has type 'any' because no interface 'JSX.IntrinsicElements' exists.
app/components/smart-assistant/v2/V2ChatClient.tsx(678,9): error TS7026: JSX element implicitly has type 'any' because no interface 'JSX.IntrinsicElements' exists.
app/components/smart-assistant/v2/V2ChatClient.tsx(678,70): error TS7026: JSX element implicitly has type 'any' because no interface 'JSX.IntrinsicElements' exists.
app/components/smart-assistant/v2/V2ChatClient.tsx(679,9): error TS7026: JSX element implicitly has type 'any' because no interface 'JSX.IntrinsicElements' exists.
app/components/smart-assistant/v2/V2ChatClient.tsx(679,73): error TS7026: JSX element implicitly has type 'any' because no interface 'JSX.IntrinsicElements' exists.
app/components/smart-assistant/v2/V2ChatClient.tsx(679,76): error TS7026: JSX element implicitly has type 'any' because no interface 'JSX.IntrinsicElements' exists.
app/components/smart-assistant/v2/V2ChatClient.tsx(679,102): error TS7026: JSX element implicitly has type 'any' because no interface 'JSX.IntrinsicElements' exists.
app/components/smart-assistant/v2/V2ChatClient.tsx(679,209): error TS7026: JSX element implicitly has type 'any' because no interface 'JSX.IntrinsicElements' exists.
app/components/smart-assistant/v2/V2ChatClient.tsx(679,213): error TS7026: JSX element implicitly has type 'any' because no interface 'JSX.IntrinsicElements' exists.
app/components/smart-assistant/v2/V2ChatClient.tsx(680,9): error TS7026: JSX element implicitly has type 'any' because no interface 'JSX.IntrinsicElements' exists.
app/components/smart-assistant/v2/V2ChatClient.tsx(681,66): error TS7026: JSX element implicitly has type 'any' because no interface 'JSX.IntrinsicElements' exists.
app/components/smart-assistant/v2/V2ChatClient.tsx(681,127): error TS7026: JSX element implicitly has type 'any' because no interface 'JSX.IntrinsicElements' exists.
app/components/smart-assistant/v2/V2ChatClient.tsx(681,134): error TS7026: JSX element implicitly has type 'any' because no interface 'JSX.IntrinsicElements' exists.
app/components/smart-assistant/v2/V2ChatClient.tsx(681,140): error TS7026: JSX element implicitly has type 'any' because no interface 'JSX.IntrinsicElements' exists.
app/components/smart-assistant/v2/V2ChatClient.tsx(681,160): error TS7026: JSX element implicitly has type 'any' because no interface 'JSX.IntrinsicElements' exists.
app/components/smart-assistant/v2/V2ChatClient.tsx(681,169): error TS7026: JSX element implicitly has type 'any' because no interface 'JSX.IntrinsicElements' exists.
app/components/smart-assistant/v2/V2ChatClient.tsx(681,192): error TS7026: JSX element implicitly has type 'any' because no interface 'JSX.IntrinsicElements' exists.
app/components/smart-assistant/v2/V2ChatClient.tsx(681,200): error TS7026: JSX element implicitly has type 'any' because no interface 'JSX.IntrinsicElements' exists.
app/components/smart-assistant/v2/V2ChatClient.tsx(682,65): error TS7026: JSX element implicitly has type 'any' because no interface 'JSX.IntrinsicElements' exists.
app/components/smart-assistant/v2/V2ChatClient.tsx(682,125): error TS7026: JSX element implicitly has type 'any' because no interface 'JSX.IntrinsicElements' exists.
app/components/smart-assistant/v2/V2ChatClient.tsx(682,132): error TS7026: JSX element implicitly has type 'any' because no interface 'JSX.IntrinsicElements' exists.
app/components/smart-assistant/v2/V2ChatClient.tsx(682,138): error TS7026: JSX element implicitly has type 'any' because no interface 'JSX.IntrinsicElements' exists.
app/components/smart-assistant/v2/V2ChatClient.tsx(682,161): error TS7026: JSX element implicitly has type 'any' because no interface 'JSX.IntrinsicElements' exists.
app/components/smart-assistant/v2/V2ChatClient.tsx(682,170): error TS7026: JSX element implicitly has type 'any' because no interface 'JSX.IntrinsicElements' exists.
app/components/smart-assistant/v2/V2ChatClient.tsx(682,200): error TS7026: JSX element implicitly has type 'any' because no interface 'JSX.IntrinsicElements' exists.
app/components/smart-assistant/v2/V2ChatClient.tsx(682,208): error TS7026: JSX element implicitly has type 'any' because no interface 'JSX.IntrinsicElements' exists.
app/components/smart-assistant/v2/V2ChatClient.tsx(683,66): error TS7026: JSX element implicitly has type 'any' because no interface 'JSX.IntrinsicElements' exists.
app/components/smart-assistant/v2/V2ChatClient.tsx(683,125): error TS7026: JSX element implicitly has type 'any' because no interface 'JSX.IntrinsicElements' exists.
app/components/smart-assistant/v2/V2ChatClient.tsx(683,132): error TS7026: JSX element implicitly has type 'any' because no interface 'JSX.IntrinsicElements' exists.
app/components/smart-assistant/v2/V2ChatClient.tsx(683,138): error TS7026: JSX element implicitly has type 'any' because no interface 'JSX.IntrinsicElements' exists.
app/components/smart-assistant/v2/V2ChatClient.tsx(683,159): error TS7026: JSX element implicitly has type 'any' because no interface 'JSX.IntrinsicElements' exists.
app/components/smart-assistant/v2/V2ChatClient.tsx(683,168): error TS7026: JSX element implicitly has type 'any' because no interface 'JSX.IntrinsicElements' exists.
app/components/smart-assistant/v2/V2ChatClient.tsx(683,192): error TS7026: JSX element implicitly has type 'any' because no interface 'JSX.IntrinsicElements' exists.
app/components/smart-assistant/v2/V2ChatClient.tsx(683,200): error TS7026: JSX element implicitly has type 'any' because no interface 'JSX.IntrinsicElements' exists.
app/components/smart-assistant/v2/V2ChatClient.tsx(684,9): error TS7026: JSX element implicitly has type 'any' because no interface 'JSX.IntrinsicElements' exists.
app/components/smart-assistant/v2/V2ChatClient.tsx(684,15): error TS7026: JSX element implicitly has type 'any' because no interface 'JSX.IntrinsicElements' exists.
app/components/smart-assistant/v2/V2ChatClient.tsx(684,117): error TS7026: JSX element implicitly has type 'any' because no interface 'JSX.IntrinsicElements' exists.
app/components/smart-assistant/v2/V2ChatClient.tsx(685,9): error TS7026: JSX element implicitly has type 'any' because no interface 'JSX.IntrinsicElements' exists.
app/components/smart-assistant/v2/V2ChatClient.tsx(685,126): error TS7006: Parameter 'e' implicitly has an 'any' type.
app/components/smart-assistant/v2/V2ChatClient.tsx(686,9): error TS7026: JSX element implicitly has type 'any' because no interface 'JSX.IntrinsicElements' exists.
app/components/smart-assistant/v2/V2ChatClient.tsx(686,122): error TS7006: Parameter 'e' implicitly has an 'any' type.
app/components/smart-assistant/v2/V2ChatClient.tsx(687,9): error TS7026: JSX element implicitly has type 'any' because no interface 'JSX.IntrinsicElements' exists.
app/components/smart-assistant/v2/V2ChatClient.tsx(687,108): error TS7006: Parameter 'e' implicitly has an 'any' type.
app/components/smart-assistant/v2/V2ChatClient.tsx(690,3): error TS7026: JSX element implicitly has type 'any' because no interface 'JSX.IntrinsicElements' exists.
app/lib/pwa/push-database.ts(1,37): error TS2307: Cannot find module '@supabase/supabase-js' or its corresponding type declarations.
app/lib/smart-assistant/library-workflow/service.server.ts(2,37): error TS2307: Cannot find module '@supabase/supabase-js' or its corresponding type declarations.
app/lib/smart-assistant/v2/creation.server.ts(2,37): error TS2307: Cannot find module '@supabase/supabase-js' or its corresponding type declarations.
app/lib/smart-assistant/v2/database.ts(3,37): error TS2307: Cannot find module '@supabase/supabase-js' or its corresponding type declarations.
app/lib/smart-assistant/v2/tools.server.ts(255,135): error TS2722: Cannot invoke an object which is possibly 'undefined'.
app/lib/smart-assistant/workflow-controller/configuration.server.ts(2,37): error TS2307: Cannot find module '@supabase/supabase-js' or its corresponding type declarations.
app/lib/smart-assistant/workflow-controller/settings.server.ts(2,37): error TS2307: Cannot find module '@supabase/supabase-js' or its corresponding type declarations.
app/lib/supabase/cookie-batch.ts(1,36): error TS2307: Cannot find module '@supabase/ssr' or its corresponding type declarations.
app/pwa/open/route.ts(1,30): error TS2307: Cannot find module 'next/server' or its corresponding type declarations.
middleware.ts(1,48): error TS2307: Cannot find module 'next/server' or its corresponding type declarations.
middleware.ts(3,36): error TS2307: Cannot find module '@supabase/ssr' or its corresponding type declarations.
middleware.ts(289,35): error TS7006: Parameter 'c' implicitly has an 'any' type.
middleware.ts(307,56): error TS7006: Parameter 'c' implicitly has an 'any' type.
middleware.ts(348,16): error TS7006: Parameter 'changes' implicitly has an 'any' type.
middleware.ts(387,56): error TS7006: Parameter 'c' implicitly has an 'any' type.
