
=== test-smart-assistant-retrieval.cjs ===
node:internal/test_runner/harness:99
      throw err;
      ^

Error: Cannot find module '../docs/sa-retrieval-2026-09-26/EVALUATION_CASES.json'
Require stack:
- /mnt/data/quotecore_v1_build/scripts/test-smart-assistant-retrieval.cjs
    at Function.<anonymous> (node:internal/modules/cjs/loader:1401:15)
    at Module._resolveFilename (/mnt/data/quotecore_v1_build/scripts/sa-speed-test-loader.cjs:14:26)
    at defaultResolveImpl (node:internal/modules/cjs/loader:1057:19)
    at resolveForCJSWithHooks (node:internal/modules/cjs/loader:1062:22)
    at Function.<anonymous> (node:internal/modules/cjs/loader:1211:37)
    at Module._load (/mnt/data/quotecore_v1_build/scripts/sa-speed-test-loader.cjs:19:23)
    at TracingChannel.traceSync (node:diagnostics_channel:322:14)
    at wrapModuleLoad (node:internal/modules/cjs/loader:235:24)
    at Module.require (node:internal/modules/cjs/loader:1487:12)
    at require (node:internal/modules/helpers:135:16) {
  code: 'MODULE_NOT_FOUND',
  requireStack: [
    '/mnt/data/quotecore_v1_build/scripts/test-smart-assistant-retrieval.cjs'
  ]
}

Node.js v22.16.0
Offline checks stopped at test-smart-assistant-retrieval.cjs 7
